Component: ARM Compiler 5.06 update 6 (build 750) Tool: armlink [4d35ed]

==============================================================================

Section Cross References

    main.o(i._ZN25_INTERNAL_8_main_cpp_main4pins7setFunc6setPWMENS0_12pinStructureEj) refers to stm32f4xx_tim.o(i.TIM_SetCompare1) for TIM_SetCompare1
    main.o(i._ZN25_INTERNAL_8_main_cpp_main4pins7setFunc6setPWMENS0_12pinStructureEj) refers to stm32f4xx_tim.o(i.TIM_SetCompare2) for TIM_SetCompare2
    main.o(i._ZN25_INTERNAL_8_main_cpp_main4pins7setFunc6setPWMENS0_12pinStructureEj) refers to stm32f4xx_tim.o(i.TIM_SetCompare3) for TIM_SetCompare3
    main.o(i._ZN25_INTERNAL_8_main_cpp_main4pins7setFunc6setPWMENS0_12pinStructureEj) refers to stm32f4xx_tim.o(i.TIM_SetCompare4) for TIM_SetCompare4
    main.o(i._ZN25_INTERNAL_8_main_cpp_main4pins8initFunc10timerClockEP11TIM_TypeDef) refers to stm32f4xx_rcc.o(i.RCC_APB2PeriphClockCmd) for RCC_APB2PeriphClockCmd
    main.o(i._ZN25_INTERNAL_8_main_cpp_main4pins8initFunc10timerClockEP11TIM_TypeDef) refers to stm32f4xx_rcc.o(i.RCC_APB1PeriphClockCmd) for RCC_APB1PeriphClockCmd
    main.o(i._ZN25_INTERNAL_8_main_cpp_main4pins8initFunc7initPwmENS0_12pinStructureE) refers to main.o(i._ZN25_INTERNAL_8_main_cpp_main4pins8initFunc7pinInitENS0_12pinStructureE) for [local to main_cpp]::pins::initFunc::pinInit([local to main_cpp]::pins::pinStructure)
    main.o(i._ZN25_INTERNAL_8_main_cpp_main4pins8initFunc7initPwmENS0_12pinStructureE) refers to stm32f4xx_gpio.o(i.GPIO_PinAFConfig) for GPIO_PinAFConfig
    main.o(i._ZN25_INTERNAL_8_main_cpp_main4pins8initFunc7initPwmENS0_12pinStructureE) refers to main.o(i._ZN25_INTERNAL_8_main_cpp_main4pins8initFunc10timerClockEP11TIM_TypeDef) for [local to main_cpp]::pins::initFunc::timerClock(TIM_TypeDef*)
    main.o(i._ZN25_INTERNAL_8_main_cpp_main4pins8initFunc7initPwmENS0_12pinStructureE) refers to stm32f4xx_tim.o(i.TIM_TimeBaseInit) for TIM_TimeBaseInit
    main.o(i._ZN25_INTERNAL_8_main_cpp_main4pins8initFunc7initPwmENS0_12pinStructureE) refers to stm32f4xx_tim.o(i.TIM_CCxCmd) for TIM_CCxCmd
    main.o(i._ZN25_INTERNAL_8_main_cpp_main4pins8initFunc7initPwmENS0_12pinStructureE) refers to stm32f4xx_tim.o(i.TIM_OC1Init) for TIM_OC1Init
    main.o(i._ZN25_INTERNAL_8_main_cpp_main4pins8initFunc7initPwmENS0_12pinStructureE) refers to stm32f4xx_tim.o(i.TIM_OC2Init) for TIM_OC2Init
    main.o(i._ZN25_INTERNAL_8_main_cpp_main4pins8initFunc7initPwmENS0_12pinStructureE) refers to stm32f4xx_tim.o(i.TIM_OC3Init) for TIM_OC3Init
    main.o(i._ZN25_INTERNAL_8_main_cpp_main4pins8initFunc7initPwmENS0_12pinStructureE) refers to stm32f4xx_tim.o(i.TIM_OC4Init) for TIM_OC4Init
    main.o(i._ZN25_INTERNAL_8_main_cpp_main4pins8initFunc7initPwmENS0_12pinStructureE) refers to stm32f4xx_tim.o(i.TIM_CtrlPWMOutputs) for TIM_CtrlPWMOutputs
    main.o(i._ZN25_INTERNAL_8_main_cpp_main4pins8initFunc7initPwmENS0_12pinStructureE) refers to stm32f4xx_tim.o(i.TIM_Cmd) for TIM_Cmd
    main.o(i._ZN25_INTERNAL_8_main_cpp_main4pins8initFunc7initPwmENS0_12pinStructureE) refers to stm32f4xx_tim.o(i.TIM_SetCompare1) for TIM_SetCompare1
    main.o(i._ZN25_INTERNAL_8_main_cpp_main4pins8initFunc7initPwmENS0_12pinStructureE) refers to stm32f4xx_tim.o(i.TIM_SetCompare2) for TIM_SetCompare2
    main.o(i._ZN25_INTERNAL_8_main_cpp_main4pins8initFunc7initPwmENS0_12pinStructureE) refers to stm32f4xx_tim.o(i.TIM_SetCompare3) for TIM_SetCompare3
    main.o(i._ZN25_INTERNAL_8_main_cpp_main4pins8initFunc7initPwmENS0_12pinStructureE) refers to stm32f4xx_tim.o(i.TIM_SetCompare4) for TIM_SetCompare4
    main.o(i._ZN25_INTERNAL_8_main_cpp_main4pins8initFunc7pinInitENS0_12pinStructureE) refers to main.o(i._ZN25_INTERNAL_8_main_cpp_main4pins8initFunc9GPIOClockEP12GPIO_TypeDef) for [local to main_cpp]::pins::initFunc::GPIOClock(GPIO_TypeDef*)
    main.o(i._ZN25_INTERNAL_8_main_cpp_main4pins8initFunc7pinInitENS0_12pinStructureE) refers to stm32f4xx_gpio.o(i.GPIO_Init) for GPIO_Init
    main.o(i._ZN25_INTERNAL_8_main_cpp_main4pins8initFunc7pinInitENS0_12pinStructureE) refers to stm32f4xx_gpio.o(i.GPIO_SetBits) for GPIO_SetBits
    main.o(i._ZN25_INTERNAL_8_main_cpp_main4pins8initFunc9GPIOClockEP12GPIO_TypeDef) refers to stm32f4xx_rcc.o(i.RCC_AHB1PeriphClockCmd) for RCC_AHB1PeriphClockCmd
    main.o(i.main) refers to _printf_percent.o(.ARM.Collect$$_printf_percent$$00000000) for _printf_percent
    main.o(i.main) refers to _printf_i.o(.ARM.Collect$$_printf_percent$$00000008) for _printf_i
    main.o(i.main) refers to _printf_dec.o(.text) for _printf_int_dec
    main.o(i.main) refers to stm32f4xx_rcc.o(i.RCC_APB2PeriphClockCmd) for RCC_APB2PeriphClockCmd
    main.o(i.main) refers to time_service.o(i._ZN12time_service4initEv) for time_service::init()
    main.o(i.main) refers to time_service.o(i._ZN12time_service9startTimeEv) for time_service::startTime()
[...]
    .ARM.Collect$$libshutdown$$00000004      0x0800025c   Section        0  libshutdown2.o(.ARM.Collect$$libshutdown$$00000004)
    .ARM.Collect$$libshutdown$$00000007      0x0800025c   Section        0  libshutdown2.o(.ARM.Collect$$libshutdown$$00000007)
    .ARM.Collect$$libshutdown$$0000000A      0x0800025c   Section        0  libshutdown2.o(.ARM.Collect$$libshutdown$$0000000A)
    .ARM.Collect$$libshutdown$$0000000C      0x0800025c   Section        0  libshutdown2.o(.ARM.Collect$$libshutdown$$0000000C)
    .ARM.Collect$$libshutdown$$0000000F      0x0800025c   Section        0  libshutdown2.o(.ARM.Collect$$libshutdown$$0000000F)
    .ARM.Collect$$libshutdown$$00000010      0x0800025c   Section        2  libshutdown2.o(.ARM.Collect$$libshutdown$$00000010)
    .ARM.Collect$$rtentry$$00000000          0x0800025e   Section        0  __rtentry.o(.ARM.Collect$$rtentry$$00000000)
    .ARM.Collect$$rtentry$$00000002          0x0800025e   Section        0  __rtentry2.o(.ARM.Collect$$rtentry$$00000002)
    .ARM.Collect$$rtentry$$00000004          0x0800025e   Section        6  __rtentry4.o(.ARM.Collect$$rtentry$$00000004)
    .ARM.Collect$$rtentry$$00000009          0x08000264   Section        0  __rtentry2.o(.ARM.Collect$$rtentry$$00000009)
    .ARM.Collect$$rtentry$$0000000A          0x08000264   Section        4  __rtentry2.o(.ARM.Collect$$rtentry$$0000000A)
    .ARM.Collect$$rtentry$$0000000C          0x08000268   Section        0  __rtentry2.o(.ARM.Collect$$rtentry$$0000000C)
    .ARM.Collect$$rtentry$$0000000D          0x08000268   Section        8  __rtentry2.o(.ARM.Collect$$rtentry$$0000000D)
    .ARM.Collect$$rtexit$$00000000           0x08000270   Section        2  rtexit.o(.ARM.Collect$$rtexit$$00000000)
    .ARM.Collect$$rtexit$$00000002           0x08000272   Section        0  rtexit2.o(.ARM.Collect$$rtexit$$00000002)
    .ARM.Collect$$rtexit$$00000003           0x08000272   Section        4  rtexit2.o(.ARM.Collect$$rtexit$$00000003)
    .ARM.Collect$$rtexit$$00000004           0x08000276   Section        6  rtexit2.o(.ARM.Collect$$rtexit$$00000004)
    .text                                    0x0800027c   Section       64  startup_stm32f407xx.o(.text)
    $v0                                      0x0800027c   Number         0  startup_stm32f407xx.o(.text)
    .text                                    0x080002bc   Section        2  use_no_semi.o(.text)
    .text                                    0x080002c0   Section        0  noretval__2sprintf.o(.text)
    .text                                    0x080002e8   Section        0  __printf.o(.text)
    .text                                    0x08000350   Section        0  _printf_dec.o(.text)
    .text                                    0x080003c8   Section      100  rt_memcpy_w.o(.text)
    .text                                    0x0800042c   Section       68  rt_memclr.o(.text)
    .text                                    0x08000470   Section        0  heapauxi.o(.text)
    .text                                    0x08000478   Section        0  init_aeabi.o(.text)
    .text                                    0x0800049c   Section        0  _printf_intcommon.o(.text)
    .text                                    0x08000550   Section        0  _printf_char_common.o(.text)
    _printf_input_char                       0x08000551   Thumb Code    10  _printf_char_common.o(.text)
    .text                                    0x08000580   Section        0  _sputc.o(.text)
    .text                                    0x0800058a   Section       78  rt_memclr_w.o(.text)
    .text                                    0x080005d8   Section        8  libspace.o(.text)
    .text                                    0x080005e0   Section       74  sys_stackheap_outer.o(.text)
    .text                                    0x0800062a   Section        0  exit.o(.text)
    i.ADC_Cmd                                0x0800063c   Section        0  stm32f4xx_adc.o(i.ADC_Cmd)
    i.ADC_CommonInit                         0x080006b4   Section        0  stm32f4xx_adc.o(i.ADC_CommonInit)
    i.ADC_DMACmd                             0x08000838   Section        0  stm32f4xx_adc.o(i.ADC_DMACmd)
    i.ADC_DMARequestAfterLastTransferCmd     0x080008b0   Section        0  stm32f4xx_adc.o(i.ADC_DMARequestAfterLastTransferCmd)
    i.ADC_Init                               0x08000928   Section        0  stm32f4xx_adc.o(i.ADC_Init)
    i.ADC_RegularChannelConfig               0x08000af0   Section        0  stm32f4xx_adc.o(i.ADC_RegularChannelConfig)
    i.ADC_SoftwareStartConv                  0x08000cb4   Section        0  stm32f4xx_adc.o(i.ADC_SoftwareStartConv)
    i.DMA_Cmd                                0x08000d0c   Section        0  stm32f4xx_dma.o(i.DMA_Cmd)
    i.DMA_DeInit                             0x08000dec   Section        0  stm32f4xx_dma.o(i.DMA_DeInit)
    i.DMA_Init                               0x08000ff0   Section        0  stm32f4xx_dma.o(i.DMA_Init)
    i.GPIO_Init                              0x080012b0   Section        0  stm32f4xx_gpio.o(i.GPIO_Init)
    i.GPIO_PinAFConfig                       0x0800145c   Section        0  stm32f4xx_gpio.o(i.GPIO_PinAFConfig)
    i.GPIO_ResetBits                         0x08001608   Section        0  stm32f4xx_gpio.o(i.GPIO_ResetBits)
    i.GPIO_SetBits                           0x080016bc   Section        0  stm32f4xx_gpio.o(i.GPIO_SetBits)
    i.GPIO_StructInit                        0x08001770   Section        0  stm32f4xx_gpio.o(i.GPIO_StructInit)
    i.GPIO_WriteBit                          0x08001784   Section        0  stm32f4xx_gpio.o(i.GPIO_WriteBit)
    i.RCC_AHB1PeriphClockCmd                 0x080018a0   Section        0  stm32f4xx_rcc.o(i.RCC_AHB1PeriphClockCmd)
    i.RCC_APB1PeriphClockCmd                 0x08001910   Section        0  stm32f4xx_rcc.o(i.RCC_APB1PeriphClockCmd)
    i.RCC_APB2PeriphClockCmd                 0x0800197c   Section        0  stm32f4xx_rcc.o(i.RCC_APB2PeriphClockCmd)
    i.RCC_GetClocksFreq                      0x080019ec   Section        0  stm32f4xx_rcc.o(i.RCC_GetClocksFreq)
    i.SPI_Cmd                                0x08001ad4   Section        0  stm32f4xx_spi.o(i.SPI_Cmd)
    i.SPI_I2S_GetFlagStatus                  0x08001b6c   Section        0  stm32f4xx_spi.o(i.SPI_I2S_GetFlagStatus)
    i.SPI_I2S_SendData                       0x08001c30   Section        0  stm32f4xx_spi.o(i.SPI_I2S_SendData)
    i.SPI_Init                               0x08001cb4   Section        0  stm32f4xx_spi.o(i.SPI_Init)
    i.SPI_NSSInternalSoftwareConfig          0x08001e5c   Section        0  stm32f4xx_spi.o(i.SPI_NSSInternalSoftwareConfig)
    i.SPI_StructInit                         0x08001f04   Section        0  stm32f4xx_spi.o(i.SPI_StructInit)
    i.SysTick_Handler                        0x08001f1c   Section        0  time_service.o(i.SysTick_Handler)
    i.SystemInit                             0x08001f2c   Section        0  system_stm32f4xx.o(i.SystemInit)
    i.TIM_CCxCmd                             0x08001f94   Section        0  stm32f4xx_tim.o(i.TIM_CCxCmd)
    i.TIM_Cmd                                0x08002088   Section        0  stm32f4xx_tim.o(i.TIM_Cmd)
    i.TIM_CtrlPWMOutputs                     0x0800216c   Section        0  stm32f4xx_tim.o(i.TIM_CtrlPWMOutputs)
    i.TIM_EncoderInterfaceConfig             0x080021e4   Section        0  stm32f4xx_tim.o(i.TIM_EncoderInterfaceConfig)
    i.TIM_OC1Init                            0x08002304   Section        0  stm32f4xx_tim.o(i.TIM_OC1Init)
    i.TIM_OC2Init                            0x080024e0   Section        0  stm32f4xx_tim.o(i.TIM_OC2Init)
    i.TIM_OC3Init                            0x080026bc   Section        0  stm32f4xx_tim.o(i.TIM_OC3Init)
    i.TIM_OC4Init                            0x08002880   Section        0  stm32f4xx_tim.o(i.TIM_OC4Init)
    i.TIM_SetCompare1                        0x080029d8   Section        0  stm32f4xx_tim.o(i.TIM_SetCompare1)
    i.TIM_SetCompare2                        0x08002a84   Section        0  stm32f4xx_tim.o(i.TIM_SetCompare2)
    i.TIM_SetCompare3                        0x08002b08   Section        0  stm32f4xx_tim.o(i.TIM_SetCompare3)
    i.TIM_SetCompare4                        0x08002b78   Section        0  stm32f4xx_tim.o(i.TIM_SetCompare4)
    i.TIM_TimeBaseInit                       0x08002be8   Section        0  stm32f4xx_tim.o(i.TIM_TimeBaseInit)
    i.USART3_IRQHandler                      0x08002d54   Section        0  uart_handle.o(i.USART3_IRQHandler)
    i.USART6_IRQHandler                      0x08002d64   Section        0  uart_handle.o(i.USART6_IRQHandler)
    i.USART_ClearITPendingBit                0x08002d74   Section        0  stm32f4xx_usart.o(i.USART_ClearITPendingBit)
    i.USART_Cmd                              0x08002e78   Section        0  stm32f4xx_usart.o(i.USART_Cmd)
    i.USART_ITConfig                         0x08002f38   Section        0  stm32f4xx_usart.o(i.USART_ITConfig)
    i.USART_Init                             0x0800309c   Section        0  stm32f4xx_usart.o(i.USART_Init)
    i._Z9gpioToRccP12GPIO_TypeDef            0x080032d4   Section        0  uart_handle.o(i._Z9gpioToRccP12GPIO_TypeDef)
    i._ZN11OLED_Driver10Write_DataEPht       0x08003360   Section        0  oled_driver.o(i._ZN11OLED_Driver10Write_DataEPht)
    i._ZN11OLED_Driver10Write_DataEh         0x080033c4   Section        0  oled_driver.o(i._ZN11OLED_Driver10Write_DataEh)
    i._ZN11OLED_Driver10Write_textEh         0x08003418   Section        0  oled_driver.o(i._ZN11OLED_Driver10Write_textEh)
    i._ZN11OLED_Driver11Device_InitEv        0x08003454   Section        0  oled_driver.o(i._ZN11OLED_Driver11Device_InitEv)
    i._ZN11OLED_Driver11RAM_AddressEv        0x0800361c   Section        0  oled_driver.o(i._ZN11OLED_Driver11RAM_AddressEv)
    i._ZN11OLED_Driver11Set_AddressEhh       0x08003652   Section        0  oled_driver.o(i._ZN11OLED_Driver11Set_AddressEhh)
    i._ZN11OLED_Driver12Clear_ScreenEv       0x08003696   Section        0  oled_driver.o(i._ZN11OLED_Driver12Clear_ScreenEv)
    i._ZN11OLED_Driver13Write_CommandEh      0x080036cc   Section        0  oled_driver.o(i._ZN11OLED_Driver13Write_CommandEh)
    i._ZN11OLED_Driver9Set_ColorEt           0x08003720   Section        0  oled_driver.o(i._ZN11OLED_Driver9Set_ColorEt)
    i._ZN11OLED_DriverC1Ev                   0x08003730   Section        0  oled_driver.o(i._ZN11OLED_DriverC1Ev)
    i._ZN12Analog_inputC1Ev                  0x08003734   Section        0  analog_input.o(i._ZN12Analog_inputC1Ev)
    i._ZN12time_service4initEv               0x08003874   Section        0  time_service.o(i._ZN12time_service4initEv)
    i._ZN12time_service8delay_msEj           0x080038e0   Section        0  time_service.o(i._ZN12time_service8delay_msEj)
    i._ZN12time_service9startTimeEv          0x080038fc   Section        0  time_service.o(i._ZN12time_service9startTimeEv)
    i._ZN25_INTERNAL_8_main_cpp_main4pins8initFunc7pinInitENS0_12pinStructureE 0x0800390e   Section        0  main.o(i._ZN25_INTERNAL_8_main_cpp_main4pins8initFunc7pinInitENS0_12pinStructureE)
    [local to main_cpp]::pins::initFunc::pinInit([local to main_cpp]::pins::pinStructure) 0x0800390f   Thumb Code    70  main.o(i._ZN25_INTERNAL_8_main_cpp_main4pins8initFunc7pinInitENS0_12pinStructureE)
    i._ZN25_INTERNAL_8_main_cpp_main4pins8initFunc9GPIOClockEP12GPIO_TypeDef 0x08003954   Section        0  main.o(i._ZN25_INTERNAL_8_main_cpp_main4pins8initFunc9GPIOClockEP12GPIO_TypeDef)
    [local to main_cpp]::pins::initFunc::GPIOClock(GPIO_TypeDef*) 0x08003955   Thumb Code   180  main.o(i._ZN25_INTERNAL_8_main_cpp_main4pins8initFunc9GPIOClockEP12GPIO_TypeDef)
    i._ZN30_INTERNAL_9_motor_cpp_0c8289844pins8initFunc10timerClockEP11TIM_TypeDef 0x08003a34   Section        0  motor.o(i._ZN30_INTERNAL_9_motor_cpp_0c8289844pins8initFunc10timerClockEP11TIM_TypeDef)
    [local to motor_cpp]::pins::initFunc::timerClock(TIM_TypeDef*) 0x08003a35   Thumb Code   228  motor.o(i._ZN30_INTERNAL_9_motor_cpp_0c8289844pins8initFunc10timerClockEP11TIM_TypeDef)
    i._ZN30_INTERNAL_9_motor_cpp_0c8289844pins8initFunc7initPwmENS0_12pinStructureE 0x08003b4c   Section        0  motor.o(i._ZN30_INTERNAL_9_motor_cpp_0c8289844pins8initFunc7initPwmENS0_12pinStructureE)
    [local to motor_cpp]::pins::initFunc::initPwm([local to motor_cpp]::pins::pinStructure) 0x08003b4d   Thumb Code   300  motor.o(i._ZN30_INTERNAL_9_motor_cpp_0c8289844pins8initFunc7initPwmENS0_12pinStructureE)
    i._ZN30_INTERNAL_9_motor_cpp_0c8289844pins8initFunc7pinInitENS0_12pinStructureE 0x08003c80   Section        0  motor.o(i._ZN30_INTERNAL_9_motor_cpp_0c8289844pins8initFunc7pinInitENS0_12pinStructureE)
    [local to motor_cpp]::pins::initFunc::pinInit([local to motor_cpp]::pins::pinStructure) 0x08003c81   Thumb Code    70  motor.o(i._ZN30_INTERNAL_9_motor_cpp_0c8289844pins8initFunc7pinInitENS0_12pinStructureE)
    i._ZN30_INTERNAL_9_motor_cpp_0c8289844pins8initFunc9GPIOClockEP12GPIO_TypeDef 0x08003cc8   Section        0  motor.o(i._ZN30_INTERNAL_9_motor_cpp_0c8289844pins8initFunc9GPIOClockEP12GPIO_TypeDef)
    [local to motor_cpp]::pins::initFunc::GPIOClock(GPIO_TypeDef*) 0x08003cc9   Thumb Code   180  motor.o(i._ZN30_INTERNAL_9_motor_cpp_0c8289844pins8initFunc9GPIOClockEP12GPIO_TypeDef)
    i._ZN37_INTERNAL_15_uart_handle_cpp_8a50702613__get_PRIMASKEv 0x08003da8   Section        0  uart_handle.o(i._ZN37_INTERNAL_15_uart_handle_cpp_8a50702613__get_PRIMASKEv)
    [local to uart_handle_cpp]::__get_PRIMASK() 0x08003da9   Thumb Code     6  uart_handle.o(i._ZN37_INTERNAL_15_uart_handle_cpp_8a50702613__get_PRIMASKEv)
    i._ZN40_INTERNAL_18_system_stm32f4xx_c_5d646a6711SetSysClockEv 0x08003db0   Section        0  system_stm32f4xx.o(i._ZN40_INTERNAL_18_system_stm32f4xx_c_5d646a6711SetSysClockEv)
    [local to system_stm32f4xx_c]::SetSysClock() 0x08003db1   Thumb Code   220  system_stm32f4xx.o(i._ZN40_INTERNAL_18_system_stm32f4xx_c_5d646a6711SetSysClockEv)
    i._ZN4GyroC1Ev                           0x08003e9c   Section        0  gyro.o(i._ZN4GyroC1Ev)
    i._ZN4GyroD1Ev                           0x08003f14   Section        0  gyro.o(i._ZN4GyroD1Ev)
    i._ZN4uart6Handle10irqHandlerEv          0x08003f1c   Section        0  uart_handle.o(i._ZN4uart6Handle10irqHandlerEv)
    i._ZN4uart6Handle11initPrivateENS_6RxPinsENS_6TxPinsER17USART_InitTypeDefh 0x08004028   Section        0  uart_handle.o(i._ZN4uart6Handle11initPrivateENS_6RxPinsENS_6TxPinsER17USART_InitTypeDefh)
    i._ZN4uart6Handle12initExtendedENS_6RxPinsENS_6TxPinsER17USART_InitTypeDefP12GPIO_TypeDefth 0x08004258   Section        0  uart_handle.o(i._ZN4uart6Handle12initExtendedENS_6RxPinsENS_6TxPinsER17USART_InitTypeDefP12GPIO_TypeDefth)
    i._ZN4uart6Handle14uartInitHelperERNS0_12UartSettingsE 0x080042c0   Section        0  uart_handle.o(i._ZN4uart6Handle14uartInitHelperERNS0_12UartSettingsE)
    i._ZN4uart6Handle18disableTransmit485Ev  0x080043b4   Section        0  uart_handle.o(i._ZN4uart6Handle18disableTransmit485Ev)
    i._ZN4uart6Handle4initENS_6RxPinsENS_6TxPinsEj 0x080043c6   Section        0  uart_handle.o(i._ZN4uart6Handle4initENS_6RxPinsENS_6TxPinsEj)
    i._ZN4uart6Handle7getByteEv              0x0800440a   Section        0  uart_handle.o(i._ZN4uart6Handle7getByteEv)
    i._ZN4uart6Handle9isNewByteEv            0x08004466   Section        0  uart_handle.o(i._ZN4uart6Handle9isNewByteEv)
    i._ZN4uart6HandleC1Ev                    0x080044c8   Section        0  uart_handle.o(i._ZN4uart6HandleC1Ev)
    i._ZN4uart6HandleD1Ev                    0x08004558   Section        0  uart_handle.o(i._ZN4uart6HandleD1Ev)
    i._ZN5MotorC1EN4pins12pinStructureES1_hR12Analog_inputttjS1_S1_S1_ 0x0800455c   Section        0  motor.o(i._ZN5MotorC1EN4pins12pinStructureES1_hR12Analog_inputttjS1_S1_S1_)
    i._ZN5MotorD1Ev                          0x080046a8   Section        0  main.o(i._ZN5MotorD1Ev)
    i._ZN7DisplayC1Ev                        0x080046ac   Section        0  display.o(i._ZN7DisplayC1Ev)
    i._ZN8OLED_GFX12print_StringEhhPc9FONT_SIZE 0x080047a4   Section        0  oled_gfx.o(i._ZN8OLED_GFX12print_StringEhhPc9FONT_SIZE)
    i._ZN8OLED_GFX18Display_String_5x8EhhPc  0x080047e8   Section        0  oled_gfx.o(i._ZN8OLED_GFX18Display_String_5x8EhhPc)
    i._ZN8OLED_GFX19Display_String_8x16EhhPc 0x08004890   Section        0  oled_gfx.o(i._ZN8OLED_GFX19Display_String_8x16EhhPc)
    i._ZN8OLED_GFXC1Ev                       0x08004930   Section        0  oled_gfx.o(i._ZN8OLED_GFXC1Ev)
    i._ZN8OLED_GFXC2Ev                       0x08004950   Section        0  oled_gfx.o(i._ZN8OLED_GFXC2Ev)
    i._ZNK4uart6RxPinscvNS0_4TypeEEv         0x08004998   Section        0  uart_handle.o(i._ZNK4uart6RxPinscvNS0_4TypeEEv)
    i._ZNK4uart6TxPinscvNS0_4TypeEEv         0x0800499e   Section        0  uart_handle.o(i._ZNK4uart6TxPinscvNS0_4TypeEEv)
    i.__aeabi_atexit                         0x080049a4   Section        0  retarget.o(i.__aeabi_atexit)
    i.__cxa_guard_acquire                    0x080049a8   Section        0  cxa_guard_acquire.o(i.__cxa_guard_acquire)
    i.__sti___15_uart_handle_cpp_8a507026    0x080049b8   Section        0  uart_handle.o(i.__sti___15_uart_handle_cpp_8a507026)
    __sti___15_uart_handle_cpp_8a507026      0x080049b9   Thumb Code    36  uart_handle.o(i.__sti___15_uart_handle_cpp_8a507026)
    i._sys_exit                              0x080049ec   Section        0  retarget.o(i._sys_exit)
    i.assert_failed                          0x080049f0   Section        0  retarget.o(i.assert_failed)
    i.main                                   0x080049fc   Section        0  main.o(i.main)
    t._ZNV14CircularBufferIhLj255EE8readTailEv 0x08004f98   Section        0  uart_handle.o(t._ZNV14CircularBufferIhLj255EE8readTailEv)
    t._ZNV14CircularBufferIhLj255EE9writeHeadEh 0x08005006   Section        0  uart_handle.o(t._ZNV14CircularBufferIhLj255EE9writeHeadEh)
    x$fpl$fpinit                             0x08005072   Section       10  fpinit.o(x$fpl$fpinit)
    $v0                                      0x08005072   Number         0  fpinit.o(x$fpl$fpinit)
    .constdata                               0x0800507c   Section       61  retarget.o(.constdata)
    __tagsym$$used                           0x0800507c   Number         0  retarget.o(.constdata)
    date_time_commit                         0x0800507c   Data          61  retarget.o(.constdata)
    .constdata                               0x080050b9   Section     1995  oled_gfx.o(.constdata)
    ascii_table_8x16                         0x080050b9   Data        1520  oled_gfx.o(.constdata)
    ascii_table_5x8                          0x080056a9   Data         475  oled_gfx.o(.constdata)
    .constdata__ZTV11ISerialPort             0x08005884   Section       80  uart_handle.o(.constdata__ZTV11ISerialPort)
    .constdata__ZTV4Gyro                     0x080058d4   Section       20  gyro.o(.constdata__ZTV4Gyro)
    .constdata__ZTV5Motor                    0x080058e8   Section       20  motor.o(.constdata__ZTV5Motor)
    .constdata__ZTV8OLED_GFX                 0x080058fc   Section        4  oled_gfx.o(.constdata__ZTV8OLED_GFX)
    vtable for OLED_GFX                      0x080058fc   Number         0  oled_gfx.o(.constdata__ZTV8OLED_GFX)
    .constdata__ZTV8OLED_GFX                 0x08005900   Section       12  oled_gfx.o(.constdata__ZTV8OLED_GFX)
    .constdata__ZTVN4uart6HandleE            0x0800590c   Section       80  uart_handle.o(.constdata__ZTVN4uart6HandleE)
    .constdata__ZTVN5tasks5ITaskIjEE         0x0800595c   Section       20  gyro.o(.constdata__ZTVN5tasks5ITaskIjEE)
    .init_array                              0x08005990   Section        4  uart_handle.o(.init_array)
    .init_array                              0x08005994   Section        0  init_aeabi.o(.init_array)
    .data                                    0x20000000   Section     1237  main.o(.data)
    [local to main_cpp]::otherPins::button1  0x20000000   Data          20  main.o(.data)
    [local to main_cpp]::otherPins::button2  0x20000014   Data          20  main.o(.data)
    [local to main_cpp]::otherPins::errorLed 0x20000028   Data          20  main.o(.data)
    [local to main_cpp]::otherPins::workLed  0x2000003c   Data          20  main.o(.data)
    [local to main_cpp]::otherPins::victimLed 0x20000050   Data          20  main.o(.data)
    [local to main_cpp]::otherPins::servPin  0x20000064   Data          20  main.o(.data)
    [local to main_cpp]::otherPins::LeftSensEn 0x20000078   Data          20  main.o(.data)
    [local to main_cpp]::otherPins::RightSensEn 0x2000008c   Data          20  main.o(.data)
    [local to main_cpp]::otherPins::lightSesor 0x200000a0   Data          20  main.o(.data)
    [local to main_cpp]::otherPins::SHARPPin 0x200000b4   Data          20  main.o(.data)
    [local to main_cpp]::vlxPins::sclPinVL   0x200000c8   Data          20  main.o(.data)
    [local to main_cpp]::vlxPins::sdaPinVL   0x200000dc   Data          20  main.o(.data)
    [local to main_cpp]::vlxPins::xshutFr    0x200000f0   Data          20  main.o(.data)
    [local to main_cpp]::vlxPins::enFr       0x20000104   Data          20  main.o(.data)
    [local to main_cpp]::vlxPins::xshutRiFr  0x20000118   Data          20  main.o(.data)
    [local to main_cpp]::vlxPins::enRiFr     0x2000012c   Data          20  main.o(.data)
    [local to main_cpp]::vlxPins::xshutLeFr  0x20000140   Data          20  main.o(.data)
    [local to main_cpp]::vlxPins::enLeFr     0x20000154   Data          20  main.o(.data)
    [local to main_cpp]::vlxPins::xshutRi    0x20000168   Data          20  main.o(.data)
    [local to main_cpp]::vlxPins::xshutLe    0x2000017c   Data          20  main.o(.data)
    [local to main_cpp]::vlxPins::xshutBo    0x20000190   Data          20  main.o(.data)
    [local to main_cpp]::vlxPins::enBo       0x200001a4   Data          20  main.o(.data)
    [local to main_cpp]::mlxPins::sdaPinML   0x200001b8   Data          20  main.o(.data)
    [local to main_cpp]::mlxPins::sclPinML   0x200001cc   Data          20  main.o(.data)
    [local to main_cpp]::FrLeMotPins::out2   0x200001e0   Data          20  main.o(.data)
    [local to main_cpp]::FrLeMotPins::out1   0x200001f4   Data          20  main.o(.data)
    [local to main_cpp]::FrLeMotPins::en     0x20000208   Data          20  main.o(.data)
    [local to main_cpp]::FrLeMotPins::inv    0x2000021c   Data          20  main.o(.data)
    [local to main_cpp]::FrLeMotPins::encPin1 0x20000230   Data          20  main.o(.data)
    [local to main_cpp]::FrLeMotPins::encPin2 0x20000244   Data          20  main.o(.data)
    [local to main_cpp]::FrLeMotPins::posSens 0x20000258   Data          20  main.o(.data)
    [local to main_cpp]::FrLeMotPins::current 0x2000026c   Data          20  main.o(.data)
    [local to main_cpp]::BoRiMotPins::out2   0x20000280   Data          20  main.o(.data)
    [local to main_cpp]::BoRiMotPins::out1   0x20000294   Data          20  main.o(.data)
    [local to main_cpp]::BoRiMotPins::en     0x200002a8   Data          20  main.o(.data)
    [local to main_cpp]::BoRiMotPins::inv    0x200002bc   Data          20  main.o(.data)
    [local to main_cpp]::BoRiMotPins::encPin1 0x200002d0   Data          20  main.o(.data)
    [local to main_cpp]::BoRiMotPins::encPin2 0x200002e4   Data          20  main.o(.data)
    [local to main_cpp]::BoRiMotPins::posSens 0x200002f8   Data          20  main.o(.data)
    [local to main_cpp]::BoRiMotPins::current 0x2000030c   Data          20  main.o(.data)
    [local to main_cpp]::BoLeMotPins::out2   0x20000320   Data          20  main.o(.data)
    [local to main_cpp]::BoLeMotPins::out1   0x20000334   Data          20  main.o(.data)
    [local to main_cpp]::BoLeMotPins::en     0x20000348   Data          20  main.o(.data)
    [local to main_cpp]::BoLeMotPins::inv    0x2000035c   Data          20  main.o(.data)
    [local to main_cpp]::BoLeMotPins::encPin1 0x20000370   Data          20  main.o(.data)
    [local to main_cpp]::BoLeMotPins::encPin2 0x20000384   Data          20  main.o(.data)
    [local to main_cpp]::BoLeMotPins::posSens 0x20000398   Data          20  main.o(.data)
    [local to main_cpp]::BoLeMotPins::current 0x200003ac   Data          20  main.o(.data)
    [local to main_cpp]::FrRiMotPins::out1   0x200003c0   Data          20  main.o(.data)
    [local to main_cpp]::FrRiMotPins::out2   0x200003d4   Data          20  main.o(.data)
    [local to main_cpp]::FrRiMotPins::en     0x200003e8   Data          20  main.o(.data)
    [local to main_cpp]::FrRiMotPins::inv    0x200003fc   Data          20  main.o(.data)
    [local to main_cpp]::FrRiMotPins::encPin1 0x20000410   Data          20  main.o(.data)
    [local to main_cpp]::FrRiMotPins::encPin2 0x20000424   Data          20  main.o(.data)
    [local to main_cpp]::FrRiMotPins::posSens 0x20000438   Data          20  main.o(.data)
    [local to main_cpp]::FrRiMotPins::current 0x2000044c   Data          20  main.o(.data)
    [local to main_cpp]::cameraPins::pinL1   0x20000460   Data          20  main.o(.data)
    [local to main_cpp]::cameraPins::pinL2   0x20000474   Data          20  main.o(.data)
    [local to main_cpp]::cameraPins::pinR1   0x20000488   Data          20  main.o(.data)
    [local to main_cpp]::cameraPins::pinR2   0x2000049c   Data          20  main.o(.data)
    _ZGV_ZZ4mainE14motorBackRight            0x200004b0   Data           4  main.o(.data)
    _ZGV_ZZ4mainE13motorBackLeft             0x200004b4   Data           4  main.o(.data)
    _ZGV_ZZ4mainE15motorFrontRight           0x200004b8   Data           4  main.o(.data)
    _ZGV_ZZ4mainE14motorFrontLeft            0x200004bc   Data           4  main.o(.data)
    _ZGV_ZZ4mainE4gyro                       0x200004c0   Data           4  main.o(.data)
    _ZGV_ZZ4mainE9work_disp                  0x200004c4   Data           4  main.o(.data)
    _ZGV_ZZ4mainE4disp                       0x200004c8   Data           4  main.o(.data)
    main::disp                               0x200004cc   Data           1  main.o(.data)
    main::work_disp                          0x200004d0   Data           4  main.o(.data)
    main::readbyte                           0x200004d4   Data           1  main.o(.data)
    .data                                    0x200004d8   Section       20  system_stm32f4xx.o(.data)
    .data                                    0x200004ec   Section        4  time_service.o(.data)
    .data                                    0x200004f0   Section        1  uart_handle.o(.data)
    .data                                    0x200004f1   Section       16  stm32f4xx_rcc.o(.data)
    APBAHBPrescTable                         0x200004f1   Data          16  stm32f4xx_rcc.o(.data)
    .data                                    0x20000501   Section        3  oled_gfx.o(.data)
    .data                                    0x20000504   Section        4  oled_driver.o(.data)
    .bss                                     0x20000508   Section      984  main.o(.bss)
    main::gyro                               0x20000508   Data          52  main.o(.bss)
    main::motorFrontLeft                     0x20000540   Data         232  main.o(.bss)
    main::motorFrontRight                    0x20000628   Data         232  main.o(.bss)
    main::motorBackLeft                      0x20000710   Data         232  main.o(.bss)
    main::motorBackRight                     0x200007f8   Data         232  main.o(.bss)
    .bss                                     0x200008e0   Section     1160  uart_handle.o(.bss)
    .bss                                     0x20000d68   Section       96  libspace.o(.bss)
    HEAP                                     0x20000dc8   Section      512  startup_stm32f407xx.o(HEAP)
    Heap_Mem                                 0x20000dc8   Data         512  startup_stm32f407xx.o(HEAP)
    STACK                                    0x20000fc8   Section     1024  startup_stm32f407xx.o(STACK)
    Stack_Mem                                0x20000fc8   Data        1024  startup_stm32f407xx.o(STACK)
    __initial_sp                             0x200013c8   Data           0  startup_stm32f407xx.o(STACK)

    Global Symbols

    Symbol Name                              Value     Ov Type        Size  Object(Section)

    BuildAttributes$$THM_ISAv4$E$P$D$K$B$S$7EM$VFPi3$EXTD16$VFPS$VFMA$PE$A:L22UL41UL21$X:L11$S22US41US21$IEEE1$IW$USESV6$~STKCKD$USESV7$~SHL$OTIME$ROPI$EBA8$UX$STANDARDLIB$REQ8$PRES8$EABIv2 0x00000000   Number         0  anon$$obj.o ABSOLUTE
    __ARM_use_no_argv                        0x00000000   Number         0  main.o ABSOLUTE
    __ARM::default_unexpected_handler()       - Undefined Weak Reference
    __ARM_exceptions_buffer_required          - Undefined Weak Reference
    __ARM_exceptions_init                     - Undefined Weak Reference
    __alloca_initialize                       - Undefined Weak Reference
    __arm_preinit_                            - Undefined Weak Reference
    __cxa_finalize                            - Undefined Weak Reference
    __rt_locale                               - Undefined Weak Reference
    __sigvec_lookup                           - Undefined Weak Reference
    __user_heap_extent                        - Undefined Weak Reference
    _atexit_init                              - Undefined Weak Reference
    _call_atexit_fns                          - Undefined Weak Reference
    _clock_init                               - Undefined Weak Reference
    _fp_trap_init                             - Undefined Weak Reference
    _fp_trap_shutdown                         - Undefined Weak Reference
    _get_lc_collate                           - Undefined Weak Reference
    _get_lc_ctype                             - Undefined Weak Reference
    _get_lc_monetary                          - Undefined Weak Reference
    _get_lc_numeric                           - Undefined Weak Reference
    _get_lc_time                              - Undefined Weak Reference
    _getenv_init                              - Undefined Weak Reference
    _handle_redirection                       - Undefined Weak Reference
    _initio                                   - Undefined Weak Reference
    _mutex_acquire                            - Undefined Weak Reference
    _mutex_free                               - Undefined Weak Reference
    _mutex_release                            - Undefined Weak Reference
    _printf_post_padding                      - Undefined Weak Reference
    _printf_pre_padding                       - Undefined Weak Reference
    _printf_truncate_signed                   - Undefined Weak Reference
    _printf_truncate_unsigned                 - Undefined Weak Reference
    _rand_init                                - Undefined Weak Reference
    _signal_finish                            - Undefined Weak Reference
    _signal_init                              - Undefined Weak Reference
    _terminateio                              - Undefined Weak Reference
    __Vectors_Size                           0x00000188   Number         0  startup_stm32f407xx.o ABSOLUTE
    __Vectors                                0x08000000   Data           4  startup_stm32f407xx.o(RESET)
    __dso_handle                             0x08000000   Number         0  startup_stm32f407xx.o(RESET)
    __Vectors_End                            0x08000188   Data           0  startup_stm32f407xx.o(RESET)
    __main                                   0x08000189   Thumb Code     8  __main.o(!!!main)
    __scatterload                            0x08000191   Thumb Code     0  __scatter.o(!!!scatter)
    __scatterload_rt2                        0x08000191   Thumb Code    44  __scatter.o(!!!scatter)
    __scatterload_rt2_thumb_only             0x08000191   Thumb Code     0  __scatter.o(!!!scatter)
    __scatterload_null                       0x0800019f   Thumb Code     0  __scatter.o(!!!scatter)
    __decompress                             0x080001c5   Thumb Code   100  __dclz77c.o(!!dclz77c)
    __decompress2                            0x080001c5   Thumb Code     0  __dclz77c.o(!!dclz77c)
    __scatterload_zeroinit                   0x08000229   Thumb Code    28  __scatter_zi.o(!!handler_zi)
    _printf_i                                0x08000245   Thumb Code     0  _printf_i.o(.ARM.Collect$$_printf_percent$$00000008)
    _printf_percent                          0x08000245   Thumb Code     0  _printf_percent.o(.ARM.Collect$$_printf_percent$$00000000)
    _printf_percent_end                      0x0800024b   Thumb Code     0  _printf_percent_end.o(.ARM.Collect$$_printf_percent$$00000017)
    __rt_lib_init                            0x0800024f   Thumb Code     0  libinit.o(.ARM.Collect$$libinit$$00000000)
    __rt_lib_init_fp_1                       0x08000251   Thumb Code     0  libinit2.o(.ARM.Collect$$libinit$$00000001)
    __rt_lib_init_alloca_1                   0x08000255   Thumb Code     0  libinit2.o(.ARM.Collect$$libinit$$0000002E)
    __rt_lib_init_argv_1                     0x08000255   Thumb Code     0  libinit2.o(.ARM.Collect$$libinit$$0000002C)
    __rt_lib_init_atexit_1                   0x08000255   Thumb Code     0  libinit2.o(.ARM.Collect$$libinit$$0000001B)
    __rt_lib_init_clock_1                    0x08000255   Thumb Code     0  libinit2.o(.ARM.Collect$$libinit$$00000021)
    __rt_lib_init_cpp_2                      0x08000255   Thumb Code     0  libinit2.o(.ARM.Collect$$libinit$$00000031)
    __rt_lib_init_exceptions_1               0x08000255   Thumb Code     0  libinit2.o(.ARM.Collect$$libinit$$00000030)
    __rt_lib_init_fp_trap_1                  0x08000255   Thumb Code     0  libinit2.o(.ARM.Collect$$libinit$$0000001F)
    __rt_lib_init_getenv_1                   0x08000255   Thumb Code     0  libinit2.o(.ARM.Collect$$libinit$$00000023)
    __rt_lib_init_heap_1                     0x08000255   Thumb Code     0  libinit2.o(.ARM.Collect$$libinit$$0000000A)
    __rt_lib_init_lc_collate_1               0x08000255   Thumb Code     0  libinit2.o(.ARM.Collect$$libinit$$00000011)
    __rt_lib_init_lc_ctype_1                 0x08000255   Thumb Code     0  libinit2.o(.ARM.Collect$$libinit$$00000013)
    __rt_lib_init_lc_monetary_1              0x08000255   Thumb Code     0  libinit2.o(.ARM.Collect$$libinit$$00000015)
    __rt_lib_init_lc_numeric_1               0x08000255   Thumb Code     0  libinit2.o(.ARM.Collect$$libinit$$00000017)
    __rt_lib_init_lc_time_1                  0x08000255   Thumb Code     0  libinit2.o(.ARM.Collect$$libinit$$00000019)
    __rt_lib_init_preinit_1                  0x08000255   Thumb Code     0  libinit2.o(.ARM.Collect$$libinit$$00000004)
    __rt_lib_init_rand_1                     0x08000255   Thumb Code     0  libinit2.o(.ARM.Collect$$libinit$$0000000E)
    __rt_lib_init_signal_1                   0x08000255   Thumb Code     0  libinit2.o(.ARM.Collect$$libinit$$0000001D)
    __rt_lib_init_stdio_1                    0x08000255   Thumb Code     0  libinit2.o(.ARM.Collect$$libinit$$00000025)
    __rt_lib_init_user_alloc_1               0x08000255   Thumb Code     0  libinit2.o(.ARM.Collect$$libinit$$0000000C)
    __rt_lib_init_cpp_1                      0x08000259   Thumb Code     0  libinit2.o(.ARM.Collect$$libinit$$00000032)
    __rt_lib_init_return                     0x08000259   Thumb Code     0  libinit2.o(.ARM.Collect$$libinit$$00000033)
    __rt_lib_shutdown                        0x0800025b   Thumb Code     0  libshutdown.o(.ARM.Collect$$libshutdown$$00000000)
    __rt_lib_shutdown_cpp_1                  0x0800025d   Thumb Code     0  libshutdown2.o(.ARM.Collect$$libshutdown$$00000002)
    __rt_lib_shutdown_fp_trap_1              0x0800025d   Thumb Code     0  libshutdown2.o(.ARM.Collect$$libshutdown$$00000007)
    __rt_lib_shutdown_heap_1                 0x0800025d   Thumb Code     0  libshutdown2.o(.ARM.Collect$$libshutdown$$0000000F)
    __rt_lib_shutdown_return                 0x0800025d   Thumb Code     0  libshutdown2.o(.ARM.Collect$$libshutdown$$00000010)
    __rt_lib_shutdown_signal_1               0x0800025d   Thumb Code     0  libshutdown2.o(.ARM.Collect$$libshutdown$$0000000A)
    __rt_lib_shutdown_stdio_1                0x0800025d   Thumb Code     0  libshutdown2.o(.ARM.Collect$$libshutdown$$00000004)
    __rt_lib_shutdown_user_alloc_1           0x0800025d   Thumb Code     0  libshutdown2.o(.ARM.Collect$$libshutdown$$0000000C)
    __rt_entry                               0x0800025f   Thumb Code     0  __rtentry.o(.ARM.Collect$$rtentry$$00000000)
    __rt_entry_presh_1                       0x0800025f   Thumb Code     0  __rtentry2.o(.ARM.Collect$$rtentry$$00000002)
    __rt_entry_sh                            0x0800025f   Thumb Code     0  __rtentry4.o(.ARM.Collect$$rtentry$$00000004)
    __rt_entry_li                            0x08000265   Thumb Code     0  __rtentry2.o(.ARM.Collect$$rtentry$$0000000A)
    __rt_entry_postsh_1                      0x08000265   Thumb Code     0  __rtentry2.o(.ARM.Collect$$rtentry$$00000009)
    __rt_entry_main                          0x08000269   Thumb Code     0  __rtentry2.o(.ARM.Collect$$rtentry$$0000000D)
    __rt_entry_postli_1                      0x08000269   Thumb Code     0  __rtentry2.o(.ARM.Collect$$rtentry$$0000000C)
    __rt_exit                                0x08000271   Thumb Code     0  rtexit.o(.ARM.Collect$$rtexit$$00000000)
    __rt_exit_ls                             0x08000273   Thumb Code     0  rtexit2.o(.ARM.Collect$$rtexit$$00000003)
    __rt_exit_prels_1                        0x08000273   Thumb Code     0  rtexit2.o(.ARM.Collect$$rtexit$$00000002)
    __rt_exit_exit                           0x08000277   Thumb Code     0  rtexit2.o(.ARM.Collect$$rtexit$$00000004)
    Reset_Handler                            0x0800027d   Thumb Code     8  startup_stm32f407xx.o(.text)
    NMI_Handler                              0x08000285   Thumb Code     2  startup_stm32f407xx.o(.text)
    HardFault_Handler                        0x08000287   Thumb Code     2  startup_stm32f407xx.o(.text)
    MemManage_Handler                        0x08000289   Thumb Code     2  startup_stm32f407xx.o(.text)
    BusFault_Handler                         0x0800028b   Thumb Code     2  startup_stm32f407xx.o(.text)
    UsageFault_Handler                       0x0800028d   Thumb Code     2  startup_stm32f407xx.o(.text)
    SVC_Handler                              0x0800028f   Thumb Code     2  startup_stm32f407xx.o(.text)
    DebugMon_Handler                         0x08000291   Thumb Code     2  startup_stm32f407xx.o(.text)
    PendSV_Handler                           0x08000293   Thumb Code     2  startup_stm32f407xx.o(.text)
    ADC_IRQHandler                           0x08000297   Thumb Code     0  startup_stm32f407xx.o(.text)
    CAN1_RX0_IRQHandler                      0x08000297   Thumb Code     0  startup_stm32f407xx.o(.text)
    CAN1_RX1_IRQHandler                      0x08000297   Thumb Code     0  startup_stm32f407xx.o(.text)
    CAN1_SCE_IRQHandler                      0x08000297   Thumb Code     0  startup_stm32f407xx.o(.text)
    CAN1_TX_IRQHandler                       0x08000297   Thumb Code     0  startup_stm32f407xx.o(.text)
    CAN2_RX0_IRQHandler                      0x08000297   Thumb Code     0  startup_stm32f407xx.o(.text)
    CAN2_RX1_IRQHandler                      0x08000297   Thumb Code     0  startup_stm32f407xx.o(.text)
    CAN2_SCE_IRQHandler                      0x08000297   Thumb Code     0  startup_stm32f407xx.o(.text)
    CAN2_TX_IRQHandler                       0x08000297   Thumb Code     0  startup_stm32f407xx.o(.text)
    DCMI_IRQHandler                          0x08000297   Thumb Code     0  startup_stm32f407xx.o(.text)
    DMA1_Stream0_IRQHandler                  0x08000297   Thumb Code     0  startup_stm32f407xx.o(.text)
    DMA1_Stream1_IRQHandler                  0x08000297   Thumb Code     0  startup_stm32f407xx.o(.text)
    DMA1_Stream2_IRQHandler                  0x08000297   Thumb Code     0  startup_stm32f407xx.o(.text)
    DMA1_Stream3_IRQHandler                  0x08000297   Thumb Code     0  startup_stm32f407xx.o(.text)
    DMA1_Stream4_IRQHandler                  0x08000297   Thumb Code     0  startup_stm32f407xx.o(.text)
    DMA1_Stream5_IRQHandler                  0x08000297   Thumb Code     0  startup_stm32f407xx.o(.text)
    DMA1_Stream6_IRQHandler                  0x08000297   Thumb Code     0  startup_stm32f407xx.o(.text)
    DMA1_Stream7_IRQHandler                  0x08000297   Thumb Code     0  startup_stm32f407xx.o(.text)
    DMA2_Stream0_IRQHandler                  0x08000297   Thumb Code     0  startup_stm32f407xx.o(.text)
    DMA2_Stream1_IRQHandler                  0x08000297   Thumb Code     0  startup_stm32f407xx.o(.text)
    DMA2_Stream2_IRQHandler                  0x08000297   Thumb Code     0  startup_stm32f407xx.o(.text)
    DMA2_Stream3_IRQHandler                  0x08000297   Thumb Code     0  startup_stm32f407xx.o(.text)
    DMA2_Stream4_IRQHandler                  0x08000297   Thumb Code     0  startup_stm32f407xx.o(.text)
    DMA2_Stream5_IRQHandler                  0x08000297   Thumb Code     0  startup_stm32f407xx.o(.text)
    DMA2_Stream6_IRQHandler                  0x08000297   Thumb Code     0  startup_stm32f407xx.o(.text)
    DMA2_Stream7_IRQHandler                  0x08000297   Thumb Code     0  startup_stm32f407xx.o(.text)
    ETH_IRQHandler                           0x08000297   Thumb Code     0  startup_stm32f407xx.o(.text)
    ETH_WKUP_IRQHandler                      0x08000297   Thumb Code     0  startup_stm32f407xx.o(.text)
    EXTI0_IRQHandler                         0x08000297   Thumb Code     0  startup_stm32f407xx.o(.text)
    EXTI15_10_IRQHandler                     0x08000297   Thumb Code     0  startup_stm32f407xx.o(.text)
    EXTI1_IRQHandler                         0x08000297   Thumb Code     0  startup_stm32f407xx.o(.text)
    EXTI2_IRQHandler                         0x08000297   Thumb Code     0  startup_stm32f407xx.o(.text)
    EXTI3_IRQHandler                         0x08000297   Thumb Code     0  startup_stm32f407xx.o(.text)
    EXTI4_IRQHandler                         0x08000297   Thumb Code     0  startup_stm32f407xx.o(.text)
    EXTI9_5_IRQHandler                       0x08000297   Thumb Code     0  startup_stm32f407xx.o(.text)
    FLASH_IRQHandler                         0x08000297   Thumb Code     0  startup_stm32f407xx.o(.text)
    FMC_IRQHandler                           0x08000297   Thumb Code     0  startup_stm32f407xx.o(.text)
    FPU_IRQHandler                           0x08000297   Thumb Code     0  startup_stm32f407xx.o(.text)
    HASH_RNG_IRQHandler                      0x08000297   Thumb Code     0  startup_stm32f407xx.o(.text)
    I2C1_ER_IRQHandler                       0x08000297   Thumb Code     0  startup_stm32f407xx.o(.text)
    I2C1_EV_IRQHandler                       0x08000297   Thumb Code     0  startup_stm32f407xx.o(.text)
    I2C2_ER_IRQHandler                       0x08000297   Thumb Code     0  startup_stm32f407xx.o(.text)
    I2C2_EV_IRQHandler                       0x08000297   Thumb Code     0  startup_stm32f407xx.o(.text)
    I2C3_ER_IRQHandler                       0x08000297   Thumb Code     0  startup_stm32f407xx.o(.text)
    I2C3_EV_IRQHandler                       0x08000297   Thumb Code     0  startup_stm32f407xx.o(.text)
    OTG_FS_IRQHandler                        0x08000297   Thumb Code     0  startup_stm32f407xx.o(.text)
    OTG_FS_WKUP_IRQHandler                   0x08000297   Thumb Code     0  startup_stm32f407xx.o(.text)
    OTG_HS_EP1_IN_IRQHandler                 0x08000297   Thumb Code     0  startup_stm32f407xx.o(.text)
    OTG_HS_EP1_OUT_IRQHandler                0x08000297   Thumb Code     0  startup_stm32f407xx.o(.text)
    OTG_HS_IRQHandler                        0x08000297   Thumb Code     0  startup_stm32f407xx.o(.text)
    OTG_HS_WKUP_IRQHandler                   0x08000297   Thumb Code     0  startup_stm32f407xx.o(.text)
    PVD_IRQHandler                           0x08000297   Thumb Code     0  startup_stm32f407xx.o(.text)
    RCC_IRQHandler                           0x08000297   Thumb Code     0  startup_stm32f407xx.o(.text)
    RTC_Alarm_IRQHandler                     0x08000297   Thumb Code     0  startup_stm32f407xx.o(.text)
    RTC_WKUP_IRQHandler                      0x08000297   Thumb Code     0  startup_stm32f407xx.o(.text)
    SDIO_IRQHandler                          0x08000297   Thumb Code     0  startup_stm32f407xx.o(.text)
    SPI1_IRQHandler                          0x08000297   Thumb Code     0  startup_stm32f407xx.o(.text)
    SPI2_IRQHandler                          0x08000297   Thumb Code     0  startup_stm32f407xx.o(.text)
    SPI3_IRQHandler                          0x08000297   Thumb Code     0  startup_stm32f407xx.o(.text)
    TAMP_STAMP_IRQHandler                    0x08000297   Thumb Code     0  startup_stm32f407xx.o(.text)
    TIM1_BRK_TIM9_IRQHandler                 0x08000297   Thumb Code     0  startup_stm32f407xx.o(.text)
    TIM1_CC_IRQHandler                       0x08000297   Thumb Code     0  startup_stm32f407xx.o(.text)
    TIM1_TRG_COM_TIM11_IRQHandler            0x08000297   Thumb Code     0  startup_stm32f407xx.o(.text)
    TIM1_UP_TIM10_IRQHandler                 0x08000297   Thumb Code     0  startup_stm32f407xx.o(.text)
    TIM2_IRQHandler                          0x08000297   Thumb Code     0  startup_stm32f407xx.o(.text)
    TIM3_IRQHandler                          0x08000297   Thumb Code     0  startup_stm32f407xx.o(.text)
    TIM4_IRQHandler                          0x08000297   Thumb Code     0  startup_stm32f407xx.o(.text)
    TIM5_IRQHandler                          0x08000297   Thumb Code     0  startup_stm32f407xx.o(.text)
    TIM6_DAC_IRQHandler                      0x08000297   Thumb Code     0  startup_stm32f407xx.o(.text)
    TIM7_IRQHandler                          0x08000297   Thumb Code     0  startup_stm32f407xx.o(.text)
    TIM8_BRK_TIM12_IRQHandler                0x08000297   Thumb Code     0  startup_stm32f407xx.o(.text)
    TIM8_CC_IRQHandler                       0x08000297   Thumb Code     0  startup_stm32f407xx.o(.text)
    TIM8_TRG_COM_TIM14_IRQHandler            0x08000297   Thumb Code     0  startup_stm32f407xx.o(.text)
    TIM8_UP_TIM13_IRQHandler                 0x08000297   Thumb Code     0  startup_stm32f407xx.o(.text)
    UART4_IRQHandler                         0x08000297   Thumb Code     0  startup_stm32f407xx.o(.text)
    UART5_IRQHandler                         0x08000297   Thumb Code     0  startup_stm32f407xx.o(.text)
    USART1_IRQHandler                        0x08000297   Thumb Code     0  startup_stm32f407xx.o(.text)
    USART2_IRQHandler                        0x08000297   Thumb Code     0  startup_stm32f407xx.o(.text)
    WWDG_IRQHandler                          0x08000297   Thumb Code     0  startup_stm32f407xx.o(.text)
    __user_initial_stackheap                 0x08000299   Thumb Code     0  startup_stm32f407xx.o(.text)
    __semihosting$guard                      0x080002bd   Thumb Code     0  use_no_semi.o(.text)
    __use_no_semihosting_swi                 0x080002bd   Thumb Code     2  use_no_semi.o(.text)
    __2sprintf                               0x080002c1   Thumb Code    34  noretval__2sprintf.o(.text)
    __printf                                 0x080002e9   Thumb Code   104  __printf.o(.text)
    _printf_int_dec                          0x08000351   Thumb Code   104  _printf_dec.o(.text)
    __aeabi_memcpy4                          0x080003c9   Thumb Code     0  rt_memcpy_w.o(.text)
    __aeabi_memcpy8                          0x080003c9   Thumb Code     0  rt_memcpy_w.o(.text)
    __rt_memcpy_w                            0x080003c9   Thumb Code   100  rt_memcpy_w.o(.text)
    _memcpy_lastbytes_aligned                0x08000411   Thumb Code     0  rt_memcpy_w.o(.text)
    __aeabi_memclr                           0x0800042d   Thumb Code     0  rt_memclr.o(.text)
    __rt_memclr                              0x0800042d   Thumb Code    68  rt_memclr.o(.text)
    _memset                                  0x08000431   Thumb Code     0  rt_memclr.o(.text)
    __use_two_region_memory                  0x08000471   Thumb Code     2  heapauxi.o(.text)
    __rt_heap_escrow                         0x08000473   Thumb Code     2  heapauxi.o(.text)
    __rt_heap_expand                         0x08000475   Thumb Code     2  heapauxi.o(.text)
    __cpp_initialize__aeabi_                 0x08000479   Thumb Code    26  init_aeabi.o(.text)
    _printf_int_common                       0x0800049d   Thumb Code   178  _printf_intcommon.o(.text)
    _printf_char_common                      0x0800055b   Thumb Code    32  _printf_char_common.o(.text)
    _sputc                                   0x08000581   Thumb Code    10  _sputc.o(.text)
    __aeabi_memclr4                          0x0800058b   Thumb Code     0  rt_memclr_w.o(.text)
    __aeabi_memclr8                          0x0800058b   Thumb Code     0  rt_memclr_w.o(.text)
    __rt_memclr_w                            0x0800058b   Thumb Code    78  rt_memclr_w.o(.text)
    _memset_w                                0x0800058f   Thumb Code     0  rt_memclr_w.o(.text)
    __user_libspace                          0x080005d9   Thumb Code     8  libspace.o(.text)
    __user_perproc_libspace                  0x080005d9   Thumb Code     0  libspace.o(.text)
    __user_perthread_libspace                0x080005d9   Thumb Code     0  libspace.o(.text)
    __user_setup_stackheap                   0x080005e1   Thumb Code    74  sys_stackheap_outer.o(.text)
    exit                                     0x0800062b   Thumb Code    18  exit.o(.text)
    ADC_Cmd                                  0x0800063d   Thumb Code    76  stm32f4xx_adc.o(i.ADC_Cmd)
    ADC_CommonInit                           0x080006b5   Thumb Code   342  stm32f4xx_adc.o(i.ADC_CommonInit)
    ADC_DMACmd                               0x08000839   Thumb Code    76  stm32f4xx_adc.o(i.ADC_DMACmd)
    ADC_DMARequestAfterLastTransferCmd       0x080008b1   Thumb Code    76  stm32f4xx_adc.o(i.ADC_DMARequestAfterLastTransferCmd)
    ADC_Init                                 0x08000929   Thumb Code   402  stm32f4xx_adc.o(i.ADC_Init)
    ADC_RegularChannelConfig                 0x08000af1   Thumb Code   408  stm32f4xx_adc.o(i.ADC_RegularChannelConfig)
    ADC_SoftwareStartConv                    0x08000cb5   Thumb Code    44  stm32f4xx_adc.o(i.ADC_SoftwareStartConv)
    DMA_Cmd                                  0x08000d0d   Thumb Code   182  stm32f4xx_dma.o(i.DMA_Cmd)
    DMA_DeInit                               0x08000ded   Thumb Code   462  stm32f4xx_dma.o(i.DMA_DeInit)
    DMA_Init                                 0x08000ff1   Thumb Code   658  stm32f4xx_dma.o(i.DMA_Init)
    GPIO_Init                                0x080012b1   Thumb Code   352  stm32f4xx_gpio.o(i.GPIO_Init)
    GPIO_PinAFConfig                         0x0800145d   Thumb Code   352  stm32f4xx_gpio.o(i.GPIO_PinAFConfig)
    GPIO_ResetBits                           0x08001609   Thumb Code   104  stm32f4xx_gpio.o(i.GPIO_ResetBits)
    GPIO_SetBits                             0x080016bd   Thumb Code   104  stm32f4xx_gpio.o(i.GPIO_SetBits)
    GPIO_StructInit                          0x08001771   Thumb Code    18  stm32f4xx_gpio.o(i.GPIO_StructInit)
    GPIO_WriteBit                            0x08001785   Thumb Code   206  stm32f4xx_gpio.o(i.GPIO_WriteBit)
    RCC_AHB1PeriphClockCmd                   0x080018a1   Thumb Code    70  stm32f4xx_rcc.o(i.RCC_AHB1PeriphClockCmd)
    RCC_APB1PeriphClockCmd                   0x08001911   Thumb Code    70  stm32f4xx_rcc.o(i.RCC_APB1PeriphClockCmd)
    RCC_APB2PeriphClockCmd                   0x0800197d   Thumb Code    70  stm32f4xx_rcc.o(i.RCC_APB2PeriphClockCmd)
    RCC_GetClocksFreq                        0x080019ed   Thumb Code   214  stm32f4xx_rcc.o(i.RCC_GetClocksFreq)
    SPI_Cmd                                  0x08001ad5   Thumb Code    96  stm32f4xx_spi.o(i.SPI_Cmd)
    SPI_I2S_GetFlagStatus                    0x08001b6d   Thumb Code   134  stm32f4xx_spi.o(i.SPI_I2S_GetFlagStatus)
    SPI_I2S_SendData                         0x08001c31   Thumb Code    70  stm32f4xx_spi.o(i.SPI_I2S_SendData)
    SPI_Init                                 0x08001cb5   Thumb Code   366  stm32f4xx_spi.o(i.SPI_Init)
    SPI_NSSInternalSoftwareConfig            0x08001e5d   Thumb Code   110  stm32f4xx_spi.o(i.SPI_NSSInternalSoftwareConfig)
    SPI_StructInit                           0x08001f05   Thumb Code    24  stm32f4xx_spi.o(i.SPI_StructInit)
    SysTick_Handler                          0x08001f1d   Thumb Code    12  time_service.o(i.SysTick_Handler)
    SystemInit                               0x08001f2d   Thumb Code    88  system_stm32f4xx.o(i.SystemInit)
    TIM_CCxCmd                               0x08001f95   Thumb Code   168  stm32f4xx_tim.o(i.TIM_CCxCmd)
    TIM_Cmd                                  0x08002089   Thumb Code   144  stm32f4xx_tim.o(i.TIM_Cmd)
    TIM_CtrlPWMOutputs                       0x0800216d   Thumb Code    78  stm32f4xx_tim.o(i.TIM_CtrlPWMOutputs)
    TIM_EncoderInterfaceConfig               0x080021e5   Thumb Code   226  stm32f4xx_tim.o(i.TIM_EncoderInterfaceConfig)
    TIM_OC1Init                              0x08002305   Thumb Code   400  stm32f4xx_tim.o(i.TIM_OC1Init)
    TIM_OC2Init                              0x080024e1   Thumb Code   416  stm32f4xx_tim.o(i.TIM_OC2Init)
    TIM_OC3Init                              0x080026bd   Thumb Code   400  stm32f4xx_tim.o(i.TIM_OC3Init)
    TIM_OC4Init                              0x08002881   Thumb Code   290  stm32f4xx_tim.o(i.TIM_OC4Init)
    TIM_SetCompare1                          0x080029d9   Thumb Code    94  stm32f4xx_tim.o(i.TIM_SetCompare1)
    TIM_SetCompare2                          0x08002a85   Thumb Code    70  stm32f4xx_tim.o(i.TIM_SetCompare2)
    TIM_SetCompare3                          0x08002b09   Thumb Code    58  stm32f4xx_tim.o(i.TIM_SetCompare3)
    TIM_SetCompare4                          0x08002b79   Thumb Code    58  stm32f4xx_tim.o(i.TIM_SetCompare4)
    TIM_TimeBaseInit                         0x08002be9   Thumb Code   278  stm32f4xx_tim.o(i.TIM_TimeBaseInit)
    USART3_IRQHandler                        0x08002d55   Thumb Code    10  uart_handle.o(i.USART3_IRQHandler)
    USART6_IRQHandler                        0x08002d65   Thumb Code    10  uart_handle.o(i.USART6_IRQHandler)
    USART_ClearITPendingBit                  0x08002d75   Thumb Code   188  stm32f4xx_usart.o(i.USART_ClearITPendingBit)
    USART_Cmd                                0x08002e79   Thumb Code   120  stm32f4xx_usart.o(i.USART_Cmd)
    USART_ITConfig                           0x08002f39   Thumb Code   284  stm32f4xx_usart.o(i.USART_ITConfig)
    USART_Init                               0x0800309d   Thumb Code   492  stm32f4xx_usart.o(i.USART_Init)
    gpioToRcc(GPIO_TypeDef*)                 0x080032d5   Thumb Code   102  uart_handle.o(i._Z9gpioToRccP12GPIO_TypeDef)
    OLED_Driver::Write_Data(unsigned char*, unsigned short) 0x08003361   Thumb Code    92  oled_driver.o(i._ZN11OLED_Driver10Write_DataEPht)
    OLED_Driver::Write_Data(unsigned char)   0x080033c5   Thumb Code    74  oled_driver.o(i._ZN11OLED_Driver10Write_DataEh)
    OLED_Driver::Write_text(unsigned char)   0x08003419   Thumb Code    56  oled_driver.o(i._ZN11OLED_Driver10Write_textEh)
    OLED_Driver::Device_Init()               0x08003455   Thumb Code   446  oled_driver.o(i._ZN11OLED_Driver11Device_InitEv)
    OLED_Driver::RAM_Address()               0x0800361d   Thumb Code    54  oled_driver.o(i._ZN11OLED_Driver11RAM_AddressEv)
    OLED_Driver::Set_Address(unsigned char, unsigned char) 0x08003653   Thumb Code    68  oled_driver.o(i._ZN11OLED_Driver11Set_AddressEhh)
    OLED_Driver::Clear_Screen()              0x08003697   Thumb Code    54  oled_driver.o(i._ZN11OLED_Driver12Clear_ScreenEv)
    OLED_Driver::Write_Command(unsigned char) 0x080036cd   Thumb Code    74  oled_driver.o(i._ZN11OLED_Driver13Write_CommandEh)
    OLED_Driver::Set_Color(unsigned short)   0x08003721   Thumb Code    10  oled_driver.o(i._ZN11OLED_Driver9Set_ColorEt)
    OLED_Driver::OLED_Driver()               0x08003731   Thumb Code     2  oled_driver.o(i._ZN11OLED_DriverC1Ev)
    OLED_Driver::OLED_Driver__sub_object()   0x08003731   Thumb Code     0  oled_driver.o(i._ZN11OLED_DriverC1Ev)
    Analog_input::Analog_input()             0x08003735   Thumb Code   310  analog_input.o(i._ZN12Analog_inputC1Ev)
    Analog_input::Analog_input__sub_object() 0x08003735   Thumb Code     0  analog_input.o(i._ZN12Analog_inputC1Ev)
    time_service::init()                     0x08003875   Thumb Code    96  time_service.o(i._ZN12time_service4initEv)
    time_service::delay_ms(unsigned)         0x080038e1   Thumb Code    24  time_service.o(i._ZN12time_service8delay_msEj)
    time_service::startTime()                0x080038fd   Thumb Code    18  time_service.o(i._ZN12time_service9startTimeEv)
    Gyro::Gyro()                             0x08003e9d   Thumb Code   106  gyro.o(i._ZN4GyroC1Ev)
    Gyro::Gyro__sub_object()                 0x08003e9d   Thumb Code     0  gyro.o(i._ZN4GyroC1Ev)
    Gyro::~Gyro()                            0x08003f15   Thumb Code     8  gyro.o(i._ZN4GyroD1Ev)
    Gyro::~Gyro__sub_object()                0x08003f15   Thumb Code     0  gyro.o(i._ZN4GyroD1Ev)
    uart::Handle::irqHandler()               0x08003f1d   Thumb Code   266  uart_handle.o(i._ZN4uart6Handle10irqHandlerEv)
    uart::Handle::initPrivate(uart::RxPins, uart::TxPins, USART_InitTypeDef&, unsigned char) 0x08004029   Thumb Code   518  uart_handle.o(i._ZN4uart6Handle11initPrivateENS_6RxPinsENS_6TxPinsER17USART_InitTypeDefh)
    uart::Handle::initExtended(uart::RxPins, uart::TxPins, USART_InitTypeDef&, GPIO_TypeDef*, unsigned short, unsigned char) 0x08004259   Thumb Code   102  uart_handle.o(i._ZN4uart6Handle12initExtendedENS_6RxPinsENS_6TxPinsER17USART_InitTypeDefP12GPIO_TypeDefth)
    uart::Handle::uartInitHelper(uart::Handle::UartSettings&) 0x080042c1   Thumb Code   234  uart_handle.o(i._ZN4uart6Handle14uartInitHelperERNS0_12UartSettingsE)
    uart::Handle::disableTransmit485()       0x080043b5   Thumb Code    18  uart_handle.o(i._ZN4uart6Handle18disableTransmit485Ev)
    uart::Handle::init(uart::RxPins, uart::TxPins, unsigned) 0x080043c7   Thumb Code    68  uart_handle.o(i._ZN4uart6Handle4initENS_6RxPinsENS_6TxPinsEj)
    uart::Handle::getByte()                  0x0800440b   Thumb Code    92  uart_handle.o(i._ZN4uart6Handle7getByteEv)
    uart::Handle::isNewByte()                0x08004467   Thumb Code    98  uart_handle.o(i._ZN4uart6Handle9isNewByteEv)
    uart::Handle::Handle()                   0x080044c9   Thumb Code   132  uart_handle.o(i._ZN4uart6HandleC1Ev)
    uart::Handle::Handle__sub_object()       0x080044c9   Thumb Code     0  uart_handle.o(i._ZN4uart6HandleC1Ev)
    uart::Handle::~Handle()                  0x08004559   Thumb Code     4  uart_handle.o(i._ZN4uart6HandleD1Ev)
    uart::Handle::~Handle__sub_object()      0x08004559   Thumb Code     0  uart_handle.o(i._ZN4uart6HandleD1Ev)
    Motor::Motor(pins::pinStructure, pins::pinStructure, unsigned char, Analog_input&, unsigned short, unsigned short, unsigned, pins::pinStructure, pins::pinStructure, pins::pinStructure) 0x0800455d   Thumb Code   322  motor.o(i._ZN5MotorC1EN4pins12pinStructureES1_hR12Analog_inputttjS1_S1_S1_)
    Motor::Motor__sub_object(pins::pinStructure, pins::pinStructure, unsigned char, Analog_input&, unsigned short, unsigned short, unsigned, pins::pinStructure, pins::pinStructure, pins::pinStructure) 0x0800455d   Thumb Code     0  motor.o(i._ZN5MotorC1EN4pins12pinStructureES1_hR12Analog_inputttjS1_S1_S1_)
    Motor::~Motor()                          0x080046a9   Thumb Code     4  main.o(i._ZN5MotorD1Ev)
    Motor::~Motor__sub_object()              0x080046a9   Thumb Code     0  main.o(i._ZN5MotorD1Ev)
    Display::Display()                       0x080046ad   Thumb Code   234  display.o(i._ZN7DisplayC1Ev)
    Display::Display__sub_object()           0x080046ad   Thumb Code     0  display.o(i._ZN7DisplayC1Ev)
    OLED_GFX::print_String(unsigned char, unsigned char, char*, FONT_SIZE) 0x080047a5   Thumb Code    64  oled_gfx.o(i._ZN8OLED_GFX12print_StringEhhPc9FONT_SIZE)
    OLED_GFX::Display_String_5x8(unsigned char, unsigned char, char*) 0x080047e9   Thumb Code   162  oled_gfx.o(i._ZN8OLED_GFX18Display_String_5x8EhhPc)
    OLED_GFX::Display_String_8x16(unsigned char, unsigned char, char*) 0x08004891   Thumb Code   156  oled_gfx.o(i._ZN8OLED_GFX19Display_String_8x16EhhPc)
    OLED_GFX::OLED_GFX()                     0x08004931   Thumb Code    26  oled_gfx.o(i._ZN8OLED_GFXC1Ev)
    OLED_GFX::OLED_GFX__sub_object()         0x08004951   Thumb Code    54  oled_gfx.o(i._ZN8OLED_GFXC2Ev)
    uart::RxPins::operator uart::RxPins::Type() const 0x08004999   Thumb Code     6  uart_handle.o(i._ZNK4uart6RxPinscvNS0_4TypeEEv)
    uart::TxPins::operator uart::TxPins::Type() const 0x0800499f   Thumb Code     6  uart_handle.o(i._ZNK4uart6TxPinscvNS0_4TypeEEv)
    __aeabi_atexit                           0x080049a5   Thumb Code     4  retarget.o(i.__aeabi_atexit)
    __cxa_guard_acquire                      0x080049a9   Thumb Code    16  cxa_guard_acquire.o(i.__cxa_guard_acquire)
    _sys_exit                                0x080049ed   Thumb Code     4  retarget.o(i._sys_exit)
    assert_failed                            0x080049f1   Thumb Code    10  retarget.o(i.assert_failed)
    main                                     0x080049fd   Thumb Code  1400  main.o(i.main)
    CircularBuffer<unsigned char, (unsigned)255>::readTail() volatile 0x08004f99   Thumb Code   110  uart_handle.o(t._ZNV14CircularBufferIhLj255EE8readTailEv)
    CircularBuffer<unsigned char, (unsigned)255>::writeHead(unsigned char) volatile 0x08005007   Thumb Code   108  uart_handle.o(t._ZNV14CircularBufferIhLj255EE9writeHeadEh)
    _fp_init                                 0x08005073   Thumb Code    10  fpinit.o(x$fpl$fpinit)
    __fplib_config_fpu_vfp                   0x0800507b   Thumb Code     0  fpinit.o(x$fpl$fpinit)
    __fplib_config_pureend_doubles           0x0800507b   Thumb Code     0  fpinit.o(x$fpl$fpinit)
    vtable for ISerialPort                   0x08005884   Data          80  uart_handle.o(.constdata__ZTV11ISerialPort)
    vtable for Gyro                          0x080058d4   Data          20  gyro.o(.constdata__ZTV4Gyro)
    vtable for Motor                         0x080058e8   Data          20  motor.o(.constdata__ZTV5Motor)
    VTT for OLED_GFX                         0x080058fc   Data           4  oled_gfx.o(.constdata__ZTV8OLED_GFX)
    vtable for OLED_GFX                      0x08005900   Data          12  oled_gfx.o(.constdata__ZTV8OLED_GFX)
    vtable for uart::Handle                  0x0800590c   Data          80  uart_handle.o(.constdata__ZTVN4uart6HandleE)
    vtable for tasks::ITask<unsigned>        0x0800595c   Data          20  gyro.o(.constdata__ZTVN5tasks5ITaskIjEE)
    Region$$Table$$Base                      0x08005970   Number         0  anon$$obj.o(Region$$Table)
    Region$$Table$$Limit                     0x08005990   Number         0  anon$$obj.o(Region$$Table)
    SHT$$INIT_ARRAY$$Base                    0x08005990   Number         0  uart_handle.o(.init_array)
    SHT$$INIT_ARRAY$$Limit                   0x08005994   Number         0  init_aeabi.o(.init_array)
    SystemCoreClock                          0x200004d8   Data           4  system_stm32f4xx.o(.data)
    AHBPrescTable                            0x200004dc   Data          16  system_stm32f4xx.o(.data)
    time_service::systemTime                 0x200004ec   Data           4  time_service.o(.data)
    uart::Handle::handlesCounter             0x200004f0   Data           1  uart_handle.o(.data)
    Row                                      0x20000501   Data           1  oled_gfx.o(.data)
    Column                                   0x20000502   Data           1  oled_gfx.o(.data)
    Font_Size                                0x20000503   Data           1  oled_gfx.o(.data)
    color_byte                               0x20000504   Data           2  oled_driver.o(.data)
    color_fill_byte                          0x20000506   Data           2  oled_driver.o(.data)
    uart::uart3                              0x200008e0   Data         580  uart_handle.o(.bss)
    uart::uart6                              0x20000b24   Data         580  uart_handle.o(.bss)
    __libspace_start                         0x20000d68   Data          96  libspace.o(.bss)
    __temporary_stack_top$libspace           0x20000dc8   Data           0  libspace.o(.bss)



==============================================================================

Memory Map of the image

  Image Entry point : 0x0800027d

  Load Region LR_1 (Base: 0x08000000, Size: 0x00005e9c, Max: 0xffffffff, ABSOLUTE, COMPRESSED[0x00005b5c])

    Execution Region ER_RO (Exec base: 0x08000000, Load base: 0x08000000, Size: 0x00005994, Max: 0xffffffff, ABSOLUTE)

    Exec Addr    Load Addr    Size         Type   Attr      Idx    E Section Name        Object

    0x08000000   0x08000000   0x00000188   Data   RO          338    RESET               startup_stm32f407xx.o
    0x08000188   0x08000188   0x00000008   Code   RO         4645  * !!!main             c_w.l(__main.o)
    0x08000190   0x08000190   0x00000034   Code   RO         5115    !!!scatter          c_w.l(__scatter.o)
    0x080001c4   0x080001c4   0x00000064   Code   RO         5113    !!dclz77c           c_w.l(__dclz77c.o)
    0x08000228   0x08000228   0x0000001c   Code   RO         5117    !!handler_zi        c_w.l(__scatter_zi.o)
    0x08000244   0x08000244   0x00000000   Code   RO         4638    .ARM.Collect$$_printf_percent$$00000000  c_w.l(_printf_percent.o)
    0x08000244   0x08000244   0x00000006   Code   RO         4637    .ARM.Collect$$_printf_percent$$00000008  c_w.l(_printf_i.o)
    0x0800024a   0x0800024a   0x00000004   Code   RO         4862    .ARM.Collect$$_printf_percent$$00000017  c_w.l(_printf_percent_end.o)
    0x0800024e   0x0800024e   0x00000002   Code   RO         5049    .ARM.Collect$$libinit$$00000000  c_w.l(libinit.o)
    0x08000250   0x08000250   0x00000004   Code   RO         4869    .ARM.Collect$$libinit$$00000001  c_w.l(libinit2.o)
    0x08000254   0x08000254   0x00000000   Code   RO         4872    .ARM.Collect$$libinit$$00000004  c_w.l(libinit2.o)
    0x08000254   0x08000254   0x00000000   Code   RO         4875    .ARM.Collect$$libinit$$0000000A  c_w.l(libinit2.o)
    0x08000254   0x08000254   0x00000000   Code   RO         4877    .ARM.Collect$$libinit$$0000000C  c_w.l(libinit2.o)
    0x08000254   0x08000254   0x00000000   Code   RO         4879    .ARM.Collect$$libinit$$0000000E  c_w.l(libinit2.o)
    0x08000254   0x08000254   0x00000000   Code   RO         4882    .ARM.Collect$$libinit$$00000011  c_w.l(libinit2.o)
    0x08000254   0x08000254   0x00000000   Code   RO         4884    .ARM.Collect$$libinit$$00000013  c_w.l(libinit2.o)
    0x08000254   0x08000254   0x00000000   Code   RO         4886    .ARM.Collect$$libinit$$00000015  c_w.l(libinit2.o)
    0x08000254   0x08000254   0x00000000   Code   RO         4888    .ARM.Collect$$libinit$$00000017  c_w.l(libinit2.o)
    0x08000254   0x08000254   0x00000000   Code   RO         4890    .ARM.Collect$$libinit$$00000019  c_w.l(libinit2.o)
    0x08000254   0x08000254   0x00000000   Code   RO         4892    .ARM.Collect$$libinit$$0000001B  c_w.l(libinit2.o)
    0x08000254   0x08000254   0x00000000   Code   RO         4894    .ARM.Collect$$libinit$$0000001D  c_w.l(libinit2.o)
    0x08000254   0x08000254   0x00000000   Code   RO         4896    .ARM.Collect$$libinit$$0000001F  c_w.l(libinit2.o)
    0x08000254   0x08000254   0x00000000   Code   RO         4898    .ARM.Collect$$libinit$$00000021  c_w.l(libinit2.o)
    0x08000254   0x08000254   0x00000000   Code   RO         4900    .ARM.Collect$$libinit$$00000023  c_w.l(libinit2.o)
    0x08000254   0x08000254   0x00000000   Code   RO         4902    .ARM.Collect$$libinit$$00000025  c_w.l(libinit2.o)
    0x08000254   0x08000254   0x00000000   Code   RO         4906    .ARM.Collect$$libinit$$0000002C  c_w.l(libinit2.o)
    0x08000254   0x08000254   0x00000000   Code   RO         4908    .ARM.Collect$$libinit$$0000002E  c_w.l(libinit2.o)
    0x08000254   0x08000254   0x00000000   Code   RO         4910    .ARM.Collect$$libinit$$00000030  c_w.l(libinit2.o)
    0x08000254   0x08000254   0x00000004   Code   RO         4911    .ARM.Collect$$libinit$$00000031  c_w.l(libinit2.o)
    0x08000258   0x08000258   0x00000000   Code   RO         4912    .ARM.Collect$$libinit$$00000032  c_w.l(libinit2.o)
    0x08000258   0x08000258   0x00000002   Code   RO         4913    .ARM.Collect$$libinit$$00000033  c_w.l(libinit2.o)
    0x0800025a   0x0800025a   0x00000002   Code   RO         5110    .ARM.Collect$$libshutdown$$00000000  c_w.l(libshutdown.o)
    0x0800025c   0x0800025c   0x00000000   Code   RO         5093    .ARM.Collect$$libshutdown$$00000002  c_w.l(libshutdown2.o)
    0x0800025c   0x0800025c   0x00000000   Code   RO         5095    .ARM.Collect$$libshutdown$$00000004  c_w.l(libshutdown2.o)
    0x0800025c   0x0800025c   0x00000000   Code   RO         5098    .ARM.Collect$$libshutdown$$00000007  c_w.l(libshutdown2.o)
    0x0800025c   0x0800025c   0x00000000   Code   RO         5101    .ARM.Collect$$libshutdown$$0000000A  c_w.l(libshutdown2.o)
    0x0800025c   0x0800025c   0x00000000   Code   RO         5103    .ARM.Collect$$libshutdown$$0000000C  c_w.l(libshutdown2.o)
    0x0800025c   0x0800025c   0x00000000   Code   RO         5106    .ARM.Collect$$libshutdown$$0000000F  c_w.l(libshutdown2.o)
    0x0800025c   0x0800025c   0x00000002   Code   RO         5107    .ARM.Collect$$libshutdown$$00000010  c_w.l(libshutdown2.o)
    0x0800025e   0x0800025e   0x00000000   Code   RO         4799    .ARM.Collect$$rtentry$$00000000  c_w.l(__rtentry.o)
    0x0800025e   0x0800025e   0x00000000   Code   RO         4937    .ARM.Collect$$rtentry$$00000002  c_w.l(__rtentry2.o)
    0x0800025e   0x0800025e   0x00000006   Code   RO         4949    .ARM.Collect$$rtentry$$00000004  c_w.l(__rtentry4.o)
    0x08000264   0x08000264   0x00000000   Code   RO         4939    .ARM.Collect$$rtentry$$00000009  c_w.l(__rtentry2.o)
    0x08000264   0x08000264   0x00000004   Code   RO         4940    .ARM.Collect$$rtentry$$0000000A  c_w.l(__rtentry2.o)
    0x08000268   0x08000268   0x00000000   Code   RO         4942    .ARM.Collect$$rtentry$$0000000C  c_w.l(__rtentry2.o)
    0x08000268   0x08000268   0x00000008   Code   RO         4943    .ARM.Collect$$rtentry$$0000000D  c_w.l(__rtentry2.o)
    0x08000270   0x08000270   0x00000002   Code   RO         5053    .ARM.Collect$$rtexit$$00000000  c_w.l(rtexit.o)
    0x08000272   0x08000272   0x00000000   Code   RO         5068    .ARM.Collect$$rtexit$$00000002  c_w.l(rtexit2.o)
    0x08000272   0x08000272   0x00000004   Code   RO         5069    .ARM.Collect$$rtexit$$00000003  c_w.l(rtexit2.o)
    0x08000276   0x08000276   0x00000006   Code   RO         5070    .ARM.Collect$$rtexit$$00000004  c_w.l(rtexit2.o)
    0x0800027c   0x0800027c   0x00000040   Code   RO          339  * .text               startup_stm32f407xx.o
    0x080002bc   0x080002bc   0x00000002   Code   RO         4607    .text               c_w.l(use_no_semi.o)
    0x080002be   0x080002be   0x00000002   PAD
    0x080002c0   0x080002c0   0x00000028   Code   RO         4611    .text               c_w.l(noretval__2sprintf.o)
    0x080002e8   0x080002e8   0x00000068   Code   RO         4613    .text               c_w.l(__printf.o)
    0x08000350   0x08000350   0x00000078   Code   RO         4615    .text               c_w.l(_printf_dec.o)
    0x080003c8   0x080003c8   0x00000064   Code   RO         4639    .text               c_w.l(rt_memcpy_w.o)
    0x0800042c   0x0800042c   0x00000044   Code   RO         4641    .text               c_w.l(rt_memclr.o)
    0x08000470   0x08000470   0x00000006   Code   RO         4643    .text               c_w.l(heapauxi.o)
    0x08000476   0x08000476   0x00000002   PAD
    0x08000478   0x08000478   0x00000024   Code   RO         4650    .text               c_w.l(init_aeabi.o)
    0x0800049c   0x0800049c   0x000000b2   Code   RO         4856    .text               c_w.l(_printf_intcommon.o)
    0x0800054e   0x0800054e   0x00000002   PAD
    0x08000550   0x08000550   0x00000030   Code   RO         4858    .text               c_w.l(_printf_char_common.o)
    0x08000580   0x08000580   0x0000000a   Code   RO         4860    .text               c_w.l(_sputc.o)
    0x0800058a   0x0800058a   0x0000004e   Code   RO         4867    .text               c_w.l(rt_memclr_w.o)
    0x080005d8   0x080005d8   0x00000008   Code   RO         5003    .text               c_w.l(libspace.o)
    0x080005e0   0x080005e0   0x0000004a   Code   RO         5006    .text               c_w.l(sys_stackheap_outer.o)
    0x0800062a   0x0800062a   0x00000012   Code   RO         5023    .text               c_w.l(exit.o)
    0x0800063c   0x0800063c   0x00000078   Code   RO         2968    i.ADC_Cmd           stm32f4xx_adc.o
    0x080006b4   0x080006b4   0x00000184   Code   RO         2969    i.ADC_CommonInit    stm32f4xx_adc.o
    0x08000838   0x08000838   0x00000078   Code   RO         2972    i.ADC_DMACmd        stm32f4xx_adc.o
    0x080008b0   0x080008b0   0x00000078   Code   RO         2973    i.ADC_DMARequestAfterLastTransferCmd  stm32f4xx_adc.o
    0x08000928   0x08000928   0x000001c8   Code   RO         2988    i.ADC_Init          stm32f4xx_adc.o
    0x08000af0   0x08000af0   0x000001c4   Code   RO         2993    i.ADC_RegularChannelConfig  stm32f4xx_adc.o
    0x08000cb4   0x08000cb4   0x00000058   Code   RO         2995    i.ADC_SoftwareStartConv  stm32f4xx_adc.o
    0x08000d0c   0x08000d0c   0x000000e0   Code   RO         3251    i.DMA_Cmd           stm32f4xx_dma.o
    0x08000dec   0x08000dec   0x00000204   Code   RO         3252    i.DMA_DeInit        stm32f4xx_dma.o
    0x08000ff0   0x08000ff0   0x000002c0   Code   RO         3263    i.DMA_Init          stm32f4xx_dma.o
    0x080012b0   0x080012b0   0x000001ac   Code   RO         1100    i.GPIO_Init         stm32f4xx_gpio.o
    0x0800145c   0x0800145c   0x000001ac   Code   RO         1101    i.GPIO_PinAFConfig  stm32f4xx_gpio.o
    0x08001608   0x08001608   0x000000b4   Code   RO         1107    i.GPIO_ResetBits    stm32f4xx_gpio.o
    0x080016bc   0x080016bc   0x000000b4   Code   RO         1108    i.GPIO_SetBits      stm32f4xx_gpio.o
    0x08001770   0x08001770   0x00000012   Code   RO         1109    i.GPIO_StructInit   stm32f4xx_gpio.o
    0x08001782   0x08001782   0x00000002   PAD
    0x08001784   0x08001784   0x0000011c   Code   RO         1112    i.GPIO_WriteBit     stm32f4xx_gpio.o
    0x080018a0   0x080018a0   0x00000070   Code   RO         1487    i.RCC_AHB1PeriphClockCmd  stm32f4xx_rcc.o
    0x08001910   0x08001910   0x0000006c   Code   RO         1496    i.RCC_APB1PeriphClockCmd  stm32f4xx_rcc.o
    0x0800197c   0x0800197c   0x00000070   Code   RO         1499    i.RCC_APB2PeriphClockCmd  stm32f4xx_rcc.o
    0x080019ec   0x080019ec   0x000000e8   Code   RO         1508    i.RCC_GetClocksFreq  stm32f4xx_rcc.o
    0x08001ad4   0x08001ad4   0x00000098   Code   RO         1887    i.SPI_Cmd           stm32f4xx_spi.o
    0x08001b6c   0x08001b6c   0x000000c4   Code   RO         1895    i.SPI_I2S_GetFlagStatus  stm32f4xx_spi.o
    0x08001c30   0x08001c30   0x00000084   Code   RO         1899    i.SPI_I2S_SendData  stm32f4xx_spi.o
    0x08001cb4   0x08001cb4   0x000001a8   Code   RO         1900    i.SPI_Init          stm32f4xx_spi.o
    0x08001e5c   0x08001e5c   0x000000a8   Code   RO         1901    i.SPI_NSSInternalSoftwareConfig  stm32f4xx_spi.o
    0x08001f04   0x08001f04   0x00000018   Code   RO         1903    i.SPI_StructInit    stm32f4xx_spi.o
    0x08001f1c   0x08001f1c   0x00000010   Code   RO          457    i.SysTick_Handler   time_service.o
    0x08001f2c   0x08001f2c   0x00000068   Code   RO          347    i.SystemInit        system_stm32f4xx.o
    0x08001f94   0x08001f94   0x000000f4   Code   RO         2081    i.TIM_CCxCmd        stm32f4xx_tim.o
    0x08002088   0x08002088   0x000000e4   Code   RO         2089    i.TIM_Cmd           stm32f4xx_tim.o
    0x0800216c   0x0800216c   0x00000078   Code   RO         2091    i.TIM_CtrlPWMOutputs  stm32f4xx_tim.o
    0x080021e4   0x080021e4   0x00000120   Code   RO         2098    i.TIM_EncoderInterfaceConfig  stm32f4xx_tim.o
    0x08002304   0x08002304   0x000001dc   Code   RO         2118    i.TIM_OC1Init       stm32f4xx_tim.o
    0x080024e0   0x080024e0   0x000001dc   Code   RO         2123    i.TIM_OC2Init       stm32f4xx_tim.o
    0x080026bc   0x080026bc   0x000001c4   Code   RO         2128    i.TIM_OC3Init       stm32f4xx_tim.o
    0x08002880   0x08002880   0x00000158   Code   RO         2133    i.TIM_OC4Init       stm32f4xx_tim.o
    0x080029d8   0x080029d8   0x000000ac   Code   RO         2151    i.TIM_SetCompare1   stm32f4xx_tim.o
    0x08002a84   0x08002a84   0x00000084   Code   RO         2152    i.TIM_SetCompare2   stm32f4xx_tim.o
    0x08002b08   0x08002b08   0x00000070   Code   RO         2153    i.TIM_SetCompare3   stm32f4xx_tim.o
    0x08002b78   0x08002b78   0x00000070   Code   RO         2154    i.TIM_SetCompare4   stm32f4xx_tim.o
    0x08002be8   0x08002be8   0x0000016c   Code   RO         2161    i.TIM_TimeBaseInit  stm32f4xx_tim.o
    0x08002d54   0x08002d54   0x00000010   Code   RO          621    i.USART3_IRQHandler  uart_handle.o
    0x08002d64   0x08002d64   0x00000010   Code   RO          622    i.USART6_IRQHandler  uart_handle.o
    0x08002d74   0x08002d74   0x00000104   Code   RO         2739    i.USART_ClearITPendingBit  stm32f4xx_usart.o
    0x08002e78   0x08002e78   0x000000c0   Code   RO         2742    i.USART_Cmd         stm32f4xx_usart.o
    0x08002f38   0x08002f38   0x00000164   Code   RO         2748    i.USART_ITConfig    stm32f4xx_usart.o
    0x0800309c   0x0800309c   0x00000238   Code   RO         2749    i.USART_Init        stm32f4xx_usart.o
    0x080032d4   0x080032d4   0x0000008c   Code   RO          818    i._Z9gpioToRccP12GPIO_TypeDef  uart_handle.o
    0x08003360   0x08003360   0x00000064   Code   RO         4276    i._ZN11OLED_Driver10Write_DataEPht  oled_driver.o
    0x080033c4   0x080033c4   0x00000054   Code   RO         4277    i._ZN11OLED_Driver10Write_DataEh  oled_driver.o
    0x08003418   0x08003418   0x0000003c   Code   RO         4278    i._ZN11OLED_Driver10Write_textEh  oled_driver.o
    0x08003454   0x08003454   0x000001c8   Code   RO         4279    i._ZN11OLED_Driver11Device_InitEv  oled_driver.o
    0x0800361c   0x0800361c   0x00000036   Code   RO         4281    i._ZN11OLED_Driver11RAM_AddressEv  oled_driver.o
    0x08003652   0x08003652   0x00000044   Code   RO         4282    i._ZN11OLED_Driver11Set_AddressEhh  oled_driver.o
    0x08003696   0x08003696   0x00000036   Code   RO         4283    i._ZN11OLED_Driver12Clear_ScreenEv  oled_driver.o
    0x080036cc   0x080036cc   0x00000054   Code   RO         4285    i._ZN11OLED_Driver13Write_CommandEh  oled_driver.o
    0x08003720   0x08003720   0x00000010   Code   RO         4291    i._ZN11OLED_Driver9Set_ColorEt  oled_driver.o
    0x08003730   0x08003730   0x00000002   Code   RO         4292    i._ZN11OLED_DriverC1Ev  oled_driver.o
    0x08003732   0x08003732   0x00000002   PAD
    0x08003734   0x08003734   0x00000140   Code   RO         4579    i._ZN12Analog_inputC1Ev  analog_input.o
    0x08003874   0x08003874   0x0000006c   Code   RO          458    i._ZN12time_service4initEv  time_service.o
    0x080038e0   0x080038e0   0x0000001c   Code   RO          459    i._ZN12time_service8delay_msEj  time_service.o
    0x080038fc   0x080038fc   0x00000012   Code   RO          461    i._ZN12time_service9startTimeEv  time_service.o
    0x0800390e   0x0800390e   0x00000046   Code   RO           10    i._ZN25_INTERNAL_8_main_cpp_main4pins8initFunc7pinInitENS0_12pinStructureE  main.o
    0x08003954   0x08003954   0x000000e0   Code   RO           11    i._ZN25_INTERNAL_8_main_cpp_main4pins8initFunc9GPIOClockEP12GPIO_TypeDef  main.o
    0x08003a34   0x08003a34   0x00000118   Code   RO         3818    i._ZN30_INTERNAL_9_motor_cpp_0c8289844pins8initFunc10timerClockEP11TIM_TypeDef  motor.o
    0x08003b4c   0x08003b4c   0x00000134   Code   RO         3819    i._ZN30_INTERNAL_9_motor_cpp_0c8289844pins8initFunc7initPwmENS0_12pinStructureE  motor.o
    0x08003c80   0x08003c80   0x00000046   Code   RO         3820    i._ZN30_INTERNAL_9_motor_cpp_0c8289844pins8initFunc7pinInitENS0_12pinStructureE  motor.o
    0x08003cc6   0x08003cc6   0x00000002   PAD
    0x08003cc8   0x08003cc8   0x000000e0   Code   RO         3821    i._ZN30_INTERNAL_9_motor_cpp_0c8289844pins8initFunc9GPIOClockEP12GPIO_TypeDef  motor.o
    0x08003da8   0x08003da8   0x00000006   Code   RO          623    i._ZN37_INTERNAL_15_uart_handle_cpp_8a50702613__get_PRIMASKEv  uart_handle.o
    0x08003dae   0x08003dae   0x00000002   PAD
    0x08003db0   0x08003db0   0x000000ec   Code   RO          348    i._ZN40_INTERNAL_18_system_stm32f4xx_c_5d646a6711SetSysClockEv  system_stm32f4xx.o
    0x08003e9c   0x08003e9c   0x00000078   Code   RO         3709    i._ZN4GyroC1Ev      gyro.o
    0x08003f14   0x08003f14   0x00000008   Code   RO         3711    i._ZN4GyroD1Ev      gyro.o
    0x08003f1c   0x08003f1c   0x0000010a   Code   RO          624    i._ZN4uart6Handle10irqHandlerEv  uart_handle.o
    0x08004026   0x08004026   0x00000002   PAD
    0x08004028   0x08004028   0x00000230   Code   RO          625    i._ZN4uart6Handle11initPrivateENS_6RxPinsENS_6TxPinsER17USART_InitTypeDefh  uart_handle.o
    0x08004258   0x08004258   0x00000066   Code   RO          626    i._ZN4uart6Handle12initExtendedENS_6RxPinsENS_6TxPinsER17USART_InitTypeDefP12GPIO_TypeDefth  uart_handle.o
    0x080042be   0x080042be   0x00000002   PAD
    0x080042c0   0x080042c0   0x000000f4   Code   RO          630    i._ZN4uart6Handle14uartInitHelperERNS0_12UartSettingsE  uart_handle.o
    0x080043b4   0x080043b4   0x00000012   Code   RO          635    i._ZN4uart6Handle18disableTransmit485Ev  uart_handle.o
    0x080043c6   0x080043c6   0x00000044   Code   RO          637    i._ZN4uart6Handle4initENS_6RxPinsENS_6TxPinsEj  uart_handle.o
    0x0800440a   0x0800440a   0x0000005c   Code   RO          643    i._ZN4uart6Handle7getByteEv  uart_handle.o
    0x08004466   0x08004466   0x00000062   Code   RO          647    i._ZN4uart6Handle9isNewByteEv  uart_handle.o
    0x080044c8   0x080044c8   0x00000090   Code   RO          648    i._ZN4uart6HandleC1Ev  uart_handle.o
    0x08004558   0x08004558   0x00000004   Code   RO          825    i._ZN4uart6HandleD1Ev  uart_handle.o
    0x0800455c   0x0800455c   0x0000014c   Code   RO         3832    i._ZN5MotorC1EN4pins12pinStructureES1_hR12Analog_inputttjS1_S1_S1_  motor.o
    0x080046a8   0x080046a8   0x00000004   Code   RO           81    i._ZN5MotorD1Ev     main.o
    0x080046ac   0x080046ac   0x000000f8   Code   RO         4106    i._ZN7DisplayC1Ev   display.o
    0x080047a4   0x080047a4   0x00000044   Code   RO         4137    i._ZN8OLED_GFX12print_StringEhhPc9FONT_SIZE  oled_gfx.o
    0x080047e8   0x080047e8   0x000000a8   Code   RO         4142    i._ZN8OLED_GFX18Display_String_5x8EhhPc  oled_gfx.o
    0x08004890   0x08004890   0x000000a0   Code   RO         4144    i._ZN8OLED_GFX19Display_String_8x16EhhPc  oled_gfx.o
    0x08004930   0x08004930   0x00000020   Code   RO         4148    i._ZN8OLED_GFXC1Ev  oled_gfx.o
    0x08004950   0x08004950   0x00000048   Code   RO         4149    i._ZN8OLED_GFXC2Ev  oled_gfx.o
    0x08004998   0x08004998   0x00000006   Code   RO          854    i._ZNK4uart6RxPinscvNS0_4TypeEEv  uart_handle.o
    0x0800499e   0x0800499e   0x00000006   Code   RO          860    i._ZNK4uart6TxPinscvNS0_4TypeEEv  uart_handle.o
    0x080049a4   0x080049a4   0x00000004   Code   RO          525    i.__aeabi_atexit    retarget.o
    0x080049a8   0x080049a8   0x00000010   Code   RO         4659    i.__cxa_guard_acquire  cpprt_w.l(cxa_guard_acquire.o)
    0x080049b8   0x080049b8   0x00000034   Code   RO          649    i.__sti___15_uart_handle_cpp_8a507026  uart_handle.o
    0x080049ec   0x080049ec   0x00000004   Code   RO          527    i._sys_exit         retarget.o
    0x080049f0   0x080049f0   0x0000000a   Code   RO          529    i.assert_failed     retarget.o
    0x080049fa   0x080049fa   0x00000002   PAD
    0x080049fc   0x080049fc   0x0000059c   Code   RO           13    i.main              main.o
    0x08004f98   0x08004f98   0x0000006e   Code   RO          848    t._ZNV14CircularBufferIhLj255EE8readTailEv  uart_handle.o
    0x08005006   0x08005006   0x0000006c   Code   RO          828    t._ZNV14CircularBufferIhLj255EE9writeHeadEh  uart_handle.o
    0x08005072   0x08005072   0x0000000a   Code   RO         5001    x$fpl$fpinit        fz_wm.l(fpinit.o)
    0x0800507c   0x0800507c   0x0000003d   Data   RO          542    .constdata          retarget.o
    0x080050b9   0x080050b9   0x000007cb   Data   RO         4167    .constdata          oled_gfx.o
    0x08005884   0x08005884   0x00000050   Data   RO          870    .constdata__ZTV11ISerialPort  uart_handle.o
    0x080058d4   0x080058d4   0x00000014   Data   RO         3777    .constdata__ZTV4Gyro  gyro.o
    0x080058e8   0x080058e8   0x00000014   Data   RO         3941    .constdata__ZTV5Motor  motor.o
    0x080058fc   0x080058fc   0x00000004   Data   RO         4248    .constdata__ZTV8OLED_GFX  oled_gfx.o
    0x08005900   0x08005900   0x0000000c   Data   RO         4250    .constdata__ZTV8OLED_GFX  oled_gfx.o
    0x0800590c   0x0800590c   0x00000050   Data   RO          817    .constdata__ZTVN4uart6HandleE  uart_handle.o
    0x0800595c   0x0800595c   0x00000014   Data   RO         3779    .constdata__ZTVN5tasks5ITaskIjEE  gyro.o
    0x08005970   0x08005970   0x00000020   Data   RO         5111    Region$$Table       anon$$obj.o
    0x08005990   0x08005990   0x00000004   Data   RO          681    .init_array         uart_handle.o
    0x08005994   0x08005990   0x00000000   Data   RO         4648    .init_array         c_w.l(init_aeabi.o)


    Execution Region ER_RW (Exec base: 0x20000000, Load base: 0x08005994, Size: 0x00000508, Max: 0xffffffff, ABSOLUTE, COMPRESSED[0x000001c8])

    Exec Addr    Load Addr    Size         Type   Attr      Idx    E Section Name        Object

    0x20000000   COMPRESSED   0x000004d5   Data   RW           25    .data               main.o
    0x200004d5   COMPRESSED   0x00000003   PAD
    0x200004d8   COMPRESSED   0x00000014   Data   RW          352    .data               system_stm32f4xx.o
    0x200004ec   COMPRESSED   0x00000004   Data   RW          467    .data               time_service.o
    0x200004f0   COMPRESSED   0x00000001   Data   RW          680    .data               uart_handle.o
    0x200004f1   COMPRESSED   0x00000010   Data   RW         1593    .data               stm32f4xx_rcc.o
    0x20000501   COMPRESSED   0x00000003   Data   RW         4168    .data               oled_gfx.o
    0x20000504   COMPRESSED   0x00000004   Data   RW         4313    .data               oled_driver.o


    Execution Region ER_ZI (Exec base: 0x20000508, Load base: 0x08005b5c, Size: 0x00000ec0, Max: 0xffffffff, ABSOLUTE)

    Exec Addr    Load Addr    Size         Type   Attr      Idx    E Section Name        Object

    0x20000508        -       0x000003d8   Zero   RW           24    .bss                main.o
    0x200008e0        -       0x00000488   Zero   RW          679    .bss                uart_handle.o
    0x20000d68        -       0x00000060   Zero   RW         5004    .bss                c_w.l(libspace.o)
    0x20000dc8        -       0x00000200   Zero   RW          337    HEAP                startup_stm32f407xx.o
    0x20000fc8        -       0x00000400   Zero   RW          336    STACK               startup_stm32f407xx.o


==============================================================================

Image component sizes


      Code (inc. data)   RO Data    RW Data    ZI Data      Debug   Object Name

       320         10          0          0          0        788   analog_input.o
       248         14          0          0          0       1068   display.o
       128         14         40          0          0       3052   gyro.o
      1734        372          0       1237        984     329231   main.o
         0          0          0          0          0      15384   misc.o
      1214        114         20          0          0       8064   motor.o
       978         48          0          4          0      10545   oled_driver.o
       500         38       2011          3          0       7800   oled_gfx.o
        18          0         61          0          0       4241   retarget.o
        64         26        392          0       1536        824   startup_stm32f407xx.o
      1744        320          0          0          0      20247   stm32f4xx_adc.o
      1444        142          0          0          0      16302   stm32f4xx_dma.o
      1518        382          0          0          0      11901   stm32f4xx_gpio.o
       564        140          0         16          0      20323   stm32f4xx_rcc.o
      1096        296          0          0          0      12881   stm32f4xx_spi.o
      3520        840          0          0          0      30164   stm32f4xx_tim.o
      1376        292          0          0          0      10192   stm32f4xx_usart.o
       340         32          0         20          0     238609   system_stm32f4xx.o
       170         20          0          4          0      33346   time_service.o
      2056        130        164          1       1160      56970   uart_handle.o

    ----------------------------------------------------------------------
     19046       3230       2720       1288       3680     831932   Object Totals
         0          0         32          0          0          0   (incl. Generated)
        14          0          0          3          0          0   (incl. Padding)

    ----------------------------------------------------------------------

      Code (inc. data)   RO Data    RW Data    ZI Data      Debug   Library Member Name

       100          0          0          0          0          0   __dclz77c.o
         8          0          0          0          0         68   __main.o
       104          0          0          0          0         84   __printf.o
         0          0          0          0          0          0   __rtentry.o
        12          0          0          0          0          0   __rtentry2.o
         6          0          0          0          0          0   __rtentry4.o
        52          8          0          0          0          0   __scatter.o
        28          0          0          0          0          0   __scatter_zi.o
        48          6          0          0          0         96   _printf_char_common.o
       120         16          0          0          0         92   _printf_dec.o
         6          0          0          0          0          0   _printf_i.o
       178          0          0          0          0         88   _printf_intcommon.o
         0          0          0          0          0          0   _printf_percent.o
         4          0          0          0          0          0   _printf_percent_end.o
        10          0          0          0          0         68   _sputc.o
        18          0          0          0          0         80   exit.o
         6          0          0          0          0        152   heapauxi.o
        36         10          0          0          0         80   init_aeabi.o
         2          0          0          0          0          0   libinit.o
        10          0          0          0          0          0   libinit2.o
         2          0          0          0          0          0   libshutdown.o
         2          0          0          0          0          0   libshutdown2.o
         8          4          0          0         96         68   libspace.o
        40          6          0          0          0         84   noretval__2sprintf.o
        68          0          0          0          0         68   rt_memclr.o
        78          0          0          0          0         80   rt_memclr_w.o
       100          0          0          0          0         80   rt_memcpy_w.o
         2          0          0          0          0          0   rtexit.o
        10          0          0          0          0          0   rtexit2.o
        74          0          0          0          0         80   sys_stackheap_outer.o
         2          0          0          0          0         68   use_no_semi.o
        16          0          0          0          0         68   cxa_guard_acquire.o
        10          0          0          0          0        116   fpinit.o

    ----------------------------------------------------------------------
      1166         50          0          0         96       1520   Library Totals
         6          0          0          0          0          0   (incl. Padding)

    ----------------------------------------------------------------------

      Code (inc. data)   RO Data    RW Data    ZI Data      Debug   Library Name

      1134         50          0          0         96       1336   c_w.l
        16          0          0          0          0         68   cpprt_w.l
        10          0          0          0          0        116   fz_wm.l

    ----------------------------------------------------------------------
      1166         50          0          0         96       1520   Library Totals

    ----------------------------------------------------------------------

==============================================================================


      Code (inc. data)   RO Data    RW Data    ZI Data      Debug   

     20212       3280       2720       1288       3776     823376   Grand Totals
     20212       3280       2720        456       3776     823376   ELF Image Totals (compressed)
     20212       3280       2720        456          0          0   ROM Totals

==============================================================================

    Total RO  Size (Code + RO Data)                22932 (  22.39kB)
    Total RW  Size (RW Data + ZI Data)              5064 (   4.95kB)
    Total ROM Size (Code + RO Data + RW Data)      23388 (  22.84kB)

==============================================================================

